Archive member included because of file (symbol)

/Users/kiyasul/workspace.kds/Freescale/KSDK_1.3.0/examples/frdmkl25z/demo_apps/hello_world/kds/../../../../../lib/ksdk_platform_lib/kds/KL25Z4/debug/libksdk_platform.a(fsl_uart_hal.o)
                              ./utilities/fsl_debug_console.o (UART_HAL_SetBaudRate)
/Users/kiyasul/workspace.kds/Freescale/KSDK_1.3.0/examples/frdmkl25z/demo_apps/hello_world/kds/../../../../../lib/ksdk_platform_lib/kds/KL25Z4/debug/libksdk_platform.a(fsl_lptmr_driver.o)
                              ./portsource/invert.o (LPTMR_DRV_Start)
/Users/kiyasul/workspace.kds/Freescale/KSDK_1.3.0/examples/frdmkl25z/demo_apps/hello_world/kds/../../../../../lib/ksdk_platform_lib/kds/KL25Z4/debug/libksdk_platform.a(fsl_lpsci_hal.o)
                              ./utilities/fsl_debug_console.o (LPSCI_HAL_SetBaudRate)
/Users/kiyasul/workspace.kds/Freescale/KSDK_1.3.0/examples/frdmkl25z/demo_apps/hello_world/kds/../../../../../lib/ksdk_platform_lib/kds/KL25Z4/debug/libksdk_platform.a(fsl_gpio_driver.o)
                              ./source/main.o (GPIO_DRV_OutputPinInit)
/Users/kiyasul/workspace.kds/Freescale/KSDK_1.3.0/examples/frdmkl25z/demo_apps/hello_world/kds/../../../../../lib/ksdk_platform_lib/kds/KL25Z4/debug/libksdk_platform.a(fsl_clock_MKL25Z4.o)
                              ./board/board.o (CLOCK_SYS_SetSimConfigration)
/Users/kiyasul/workspace.kds/Freescale/KSDK_1.3.0/examples/frdmkl25z/demo_apps/hello_world/kds/../../../../../lib/ksdk_platform_lib/kds/KL25Z4/debug/libksdk_platform.a(fsl_clock_manager.o)
                              /Users/kiyasul/workspace.kds/Freescale/KSDK_1.3.0/examples/frdmkl25z/demo_apps/hello_world/kds/../../../../../lib/ksdk_platform_lib/kds/KL25Z4/debug/libksdk_platform.a(fsl_clock_MKL25Z4.o) (CLOCK_SYS_GetSystickFreq)
/Users/kiyasul/workspace.kds/Freescale/KSDK_1.3.0/examples/frdmkl25z/demo_apps/hello_world/kds/../../../../../lib/ksdk_platform_lib/kds/KL25Z4/debug/libksdk_platform.a(fsl_clock_manager_common.o)
                              /Users/kiyasul/workspace.kds/Freescale/KSDK_1.3.0/examples/frdmkl25z/demo_apps/hello_world/kds/../../../../../lib/ksdk_platform_lib/kds/KL25Z4/debug/libksdk_platform.a(fsl_clock_MKL25Z4.o) (g_oscBase)
/Users/kiyasul/workspace.kds/Freescale/KSDK_1.3.0/examples/frdmkl25z/demo_apps/hello_world/kds/../../../../../lib/ksdk_platform_lib/kds/KL25Z4/debug/libksdk_platform.a(fsl_adc16_driver.o)
                              ./source/main.o (ADC16_DRV_Init)
/Users/kiyasul/workspace.kds/Freescale/KSDK_1.3.0/examples/frdmkl25z/demo_apps/hello_world/kds/../../../../../lib/ksdk_platform_lib/kds/KL25Z4/debug/libksdk_platform.a(fsl_os_abstraction_bm.o)
                              /Users/kiyasul/workspace.kds/Freescale/KSDK_1.3.0/examples/frdmkl25z/demo_apps/hello_world/kds/../../../../../lib/ksdk_platform_lib/kds/KL25Z4/debug/libksdk_platform.a(fsl_clock_manager.o) (OSA_EnterCritical)
/Users/kiyasul/workspace.kds/Freescale/KSDK_1.3.0/examples/frdmkl25z/demo_apps/hello_world/kds/../../../../../lib/ksdk_platform_lib/kds/KL25Z4/debug/libksdk_platform.a(fsl_sim_hal_MKL25Z4.o)
                              /Users/kiyasul/workspace.kds/Freescale/KSDK_1.3.0/examples/frdmkl25z/demo_apps/hello_world/kds/../../../../../lib/ksdk_platform_lib/kds/KL25Z4/debug/libksdk_platform.a(fsl_clock_MKL25Z4.o) (CLOCK_HAL_SetOutDiv)
/Users/kiyasul/workspace.kds/Freescale/KSDK_1.3.0/examples/frdmkl25z/demo_apps/hello_world/kds/../../../../../lib/ksdk_platform_lib/kds/KL25Z4/debug/libksdk_platform.a(fsl_osc_hal.o)
                              /Users/kiyasul/workspace.kds/Freescale/KSDK_1.3.0/examples/frdmkl25z/demo_apps/hello_world/kds/../../../../../lib/ksdk_platform_lib/kds/KL25Z4/debug/libksdk_platform.a(fsl_clock_manager.o) (OSC_HAL_SetCapacitor)
/Users/kiyasul/workspace.kds/Freescale/KSDK_1.3.0/examples/frdmkl25z/demo_apps/hello_world/kds/../../../../../lib/ksdk_platform_lib/kds/KL25Z4/debug/libksdk_platform.a(fsl_mcg_hal.o)
                              /Users/kiyasul/workspace.kds/Freescale/KSDK_1.3.0/examples/frdmkl25z/demo_apps/hello_world/kds/../../../../../lib/ksdk_platform_lib/kds/KL25Z4/debug/libksdk_platform.a(fsl_clock_MKL25Z4.o) (g_xtal0ClkFreq)
/Users/kiyasul/workspace.kds/Freescale/KSDK_1.3.0/examples/frdmkl25z/demo_apps/hello_world/kds/../../../../../lib/ksdk_platform_lib/kds/KL25Z4/debug/libksdk_platform.a(fsl_mcg_hal_modes.o)
                              /Users/kiyasul/workspace.kds/Freescale/KSDK_1.3.0/examples/frdmkl25z/demo_apps/hello_world/kds/../../../../../lib/ksdk_platform_lib/kds/KL25Z4/debug/libksdk_platform.a(fsl_clock_manager.o) (CLOCK_HAL_GetMcgMode)
/Users/kiyasul/workspace.kds/Freescale/KSDK_1.3.0/examples/frdmkl25z/demo_apps/hello_world/kds/../../../../../lib/ksdk_platform_lib/kds/KL25Z4/debug/libksdk_platform.a(fsl_lptmr_hal.o)
[...]
Memory Configuration

Name             Origin             Length             Attributes
m_interrupts     0x0000000000000000 0x0000000000000100 xr
m_flash_config   0x0000000000000400 0x0000000000000010 xr
m_text           0x0000000000000410 0x000000000001fbf0 xr
m_data           0x000000001ffff000 0x0000000000004000 rw
*default*        0x0000000000000000 0xffffffffffffffff

Linker script and memory map

LOAD /Applications/KDS_v3.app/Contents/toolchain/bin/../lib/gcc/arm-none-eabi/4.8.4/armv6-m/crti.o
LOAD /Applications/KDS_v3.app/Contents/toolchain/bin/../lib/gcc/arm-none-eabi/4.8.4/armv6-m/crtbegin.o
LOAD /Applications/KDS_v3.app/Contents/toolchain/bin/../lib/gcc/arm-none-eabi/4.8.4/../../../../arm-none-eabi/lib/armv6-m/crt0.o
                0x0000000000000400                __stack_size__ = 0x400
                0x0000000000000200                __heap_size__ = 0x200
START GROUP
LOAD ./utilities/fsl_debug_console.o
LOAD ./utilities/fsl_misc_utilities.o
LOAD ./utilities/print_scan.o
LOAD ./startup/startup.o
LOAD ./startup/startup_MKL25Z4.o
LOAD ./startup/system_MKL25Z4.o
LOAD ./source/fsl_lptmr_irq.o
LOAD ./source/main.o
LOAD ./portsource/allocate.o
LOAD ./portsource/circular_buffer.o
LOAD ./portsource/common.o
LOAD ./portsource/display.o
LOAD ./portsource/dma_driver.o
LOAD ./portsource/free.o
LOAD ./portsource/help.o
LOAD ./portsource/invert.o
LOAD ./portsource/main.o
LOAD ./portsource/uart.o
LOAD ./portsource/uart_driver.o
LOAD ./portsource/verify_pattern.o
LOAD ./portsource/write.o
LOAD ./portsource/writePattern.o
LOAD ./board/board.o
LOAD ./board/gpio_pins.o
LOAD ./board/hardware_init.o
LOAD ./board/pin_mux.o
LOAD /Users/kiyasul/workspace.kds/Freescale/KSDK_1.3.0/examples/frdmkl25z/demo_apps/hello_world/kds/../../../../../lib/ksdk_platform_lib/kds/KL25Z4/debug/libksdk_platform.a
LOAD /Applications/KDS_v3.app/Contents/toolchain/bin/../lib/gcc/arm-none-eabi/4.8.4/../../../../arm-none-eabi/lib/armv6-m/libm.a
LOAD /Applications/KDS_v3.app/Contents/toolchain/bin/../lib/gcc/arm-none-eabi/4.8.4/../../../../arm-none-eabi/lib/armv6-m/libg_s.a
LOAD /Applications/KDS_v3.app/Contents/toolchain/bin/../lib/gcc/arm-none-eabi/4.8.4/armv6-m/libgcc.a
LOAD /Applications/KDS_v3.app/Contents/toolchain/bin/../lib/gcc/arm-none-eabi/4.8.4/../../../../arm-none-eabi/lib/armv6-m/libnosys.a
END GROUP
START GROUP
LOAD /Applications/KDS_v3.app/Contents/toolchain/bin/../lib/gcc/arm-none-eabi/4.8.4/armv6-m/libgcc.a
LOAD /Applications/KDS_v3.app/Contents/toolchain/bin/../lib/gcc/arm-none-eabi/4.8.4/../../../../arm-none-eabi/lib/armv6-m/libg_s.a
LOAD /Applications/KDS_v3.app/Contents/toolchain/bin/../lib/gcc/arm-none-eabi/4.8.4/../../../../arm-none-eabi/lib/armv6-m/libc_s.a
END GROUP
START GROUP
LOAD /Applications/KDS_v3.app/Contents/toolchain/bin/../lib/gcc/arm-none-eabi/4.8.4/armv6-m/libgcc.a
LOAD /Applications/KDS_v3.app/Contents/toolchain/bin/../lib/gcc/arm-none-eabi/4.8.4/../../../../arm-none-eabi/lib/armv6-m/libc_s.a
END GROUP
LOAD /Applications/KDS_v3.app/Contents/toolchain/bin/../lib/gcc/arm-none-eabi/4.8.4/armv6-m/crtend.o
LOAD /Applications/KDS_v3.app/Contents/toolchain/bin/../lib/gcc/arm-none-eabi/4.8.4/armv6-m/crtn.o
                0x0000000000000400                HEAP_SIZE = DEFINED (__heap_size__)?__heap_size__:0x400
                0x0000000000000400                STACK_SIZE = DEFINED (__stack_size__)?__stack_size__:0x400
                0x0000000000000000                M_VECTOR_RAM_SIZE = DEFINED (__ram_vector_table__)?0x100:0x0
                0x0000000020001000                value = 0x20001000

.interrupts     0x0000000000000000       0xc0
                0x0000000000000000                __VECTOR_TABLE = .
                0x0000000000000000                . = ALIGN (0x4)
 *(.isr_vector)
 .isr_vector    0x0000000000000000       0xc0 ./startup/startup_MKL25Z4.o
                0x0000000000000000                __isr_vector
                0x00000000000000c0                . = ALIGN (0x4)

.flash_config   0x0000000000000400       0x10
                0x0000000000000400                . = ALIGN (0x4)
 *(.FlashConfig)
 .FlashConfig   0x0000000000000400       0x10 ./startup/startup_MKL25Z4.o
                0x0000000000000410                . = ALIGN (0x4)

.text           0x0000000000000410     0x6d78
                0x0000000000000410                . = ALIGN (0x4)
 *(.text)
 .text          0x0000000000000410       0x60 /Applications/KDS_v3.app/Contents/toolchain/bin/../lib/gcc/arm-none-eabi/4.8.4/armv6-m/crtbegin.o
 .text          0x0000000000000470       0x78 /Applications/KDS_v3.app/Contents/toolchain/bin/../lib/gcc/arm-none-eabi/4.8.4/../../../../arm-none-eabi/lib/armv6-m/crt0.o
                0x0000000000000470                _mainCRTStartup
                0x0000000000000470                _start
 .text          0x00000000000004e8       0x18 ./startup/startup_MKL25Z4.o
                0x00000000000004e8                Reset_Handler
                0x00000000000004f8                HardFault_Handler
                0x00000000000004f8                SysTick_Handler
                0x00000000000004f8                PendSV_Handler
                0x00000000000004f8                NMI_Handler
                0x00000000000004f8                I2C1_IRQHandler
                0x00000000000004f8                UART1_IRQHandler
                0x00000000000004f8                DMA2_IRQHandler
                0x00000000000004f8                TPM0_IRQHandler
                0x00000000000004f8                LLWU_IRQHandler
                0x00000000000004f8                TSI0_IRQHandler
                0x00000000000004f8                ADC0_IRQHandler
                0x00000000000004f8                Reserved39_IRQHandler
                0x00000000000004f8                SPI1_IRQHandler
                0x00000000000004f8                DefaultISR
                0x00000000000004f8                PORTD_IRQHandler
                0x00000000000004f8                TPM2_IRQHandler
                0x00000000000004f8                RTC_IRQHandler
                0x00000000000004f8                RTC_Seconds_IRQHandler
                0x00000000000004f8                MCG_IRQHandler
                0x00000000000004f8                UART2_IRQHandler
                0x00000000000004f8                Reserved20_IRQHandler
                0x00000000000004f8                USB0_IRQHandler
                0x00000000000004f8                PIT_IRQHandler
                0x00000000000004f8                SVC_Handler
                0x00000000000004f8                DMA3_IRQHandler
                0x00000000000004f8                DAC0_IRQHandler
                0x00000000000004f8                Reserved45_IRQHandler
                0x00000000000004f8                TPM1_IRQHandler
                0x00000000000004f8                LVD_LVW_IRQHandler
                0x00000000000004f8                SPI0_IRQHandler
                0x00000000000004f8                PORTA_IRQHandler
                0x00000000000004f8                FTFA_IRQHandler
                0x00000000000004f8                CMP0_IRQHandler
                0x00000000000004f8                I2C0_IRQHandler
                0x00000000000004f8                DMA1_IRQHandler
 .text          0x0000000000000500       0x9c /Applications/KDS_v3.app/Contents/toolchain/bin/../lib/gcc/arm-none-eabi/4.8.4/armv6-m/libgcc.a(_udivsi3.o)
                0x0000000000000500                __udivsi3
                0x0000000000000500                __aeabi_uidiv
                0x0000000000000588                __aeabi_uidivmod
 .text          0x000000000000059c       0xc0 /Applications/KDS_v3.app/Contents/toolchain/bin/../lib/gcc/arm-none-eabi/4.8.4/armv6-m/libgcc.a(_divsi3.o)
                0x000000000000059c                __aeabi_idiv
                0x000000000000059c                __divsi3
                0x0000000000000648                __aeabi_idivmod
 .text          0x000000000000065c        0x4 /Applications/KDS_v3.app/Contents/toolchain/bin/../lib/gcc/arm-none-eabi/4.8.4/armv6-m/libgcc.a(_dvmd_tls.o)
                0x000000000000065c                __aeabi_ldiv0
                0x000000000000065c                __aeabi_idiv0
 .text          0x0000000000000660       0x7c /Applications/KDS_v3.app/Contents/toolchain/bin/../lib/gcc/arm-none-eabi/4.8.4/armv6-m/libgcc.a(_arm_cmpdf2.o)
                0x0000000000000660                __aeabi_cdrcmple
                0x0000000000000670                __aeabi_cdcmple
                0x0000000000000670                __aeabi_cdcmpeq
                0x0000000000000680                __aeabi_dcmpeq
                0x000000000000068c                __aeabi_dcmplt
                0x00000000000006a0                __aeabi_dcmple
                0x00000000000006b4                __aeabi_dcmpgt
                0x00000000000006c8                __aeabi_dcmpge
 .text          0x00000000000006dc       0x30 /Applications/KDS_v3.app/Contents/toolchain/bin/../lib/gcc/arm-none-eabi/4.8.4/armv6-m/libgcc.a(_fixunssfsi.o)
                0x00000000000006dc                __aeabi_f2uiz
                0x00000000000006dc                __fixunssfsi
 .text          0x000000000000070c      0x254 /Applications/KDS_v3.app/Contents/toolchain/bin/../lib/gcc/arm-none-eabi/4.8.4/armv6-m/libgcc.a(mulsf3.o)
                0x000000000000070c                __aeabi_fmul
 .text          0x0000000000000960      0x2ec /Applications/KDS_v3.app/Contents/toolchain/bin/../lib/gcc/arm-none-eabi/4.8.4/armv6-m/libgcc.a(subsf3.o)
                0x0000000000000960                __aeabi_fsub
 .text          0x0000000000000c4c       0x40 /Applications/KDS_v3.app/Contents/toolchain/bin/../lib/gcc/arm-none-eabi/4.8.4/armv6-m/libgcc.a(fixsfsi.o)
                0x0000000000000c4c                __aeabi_f2iz
 .text          0x0000000000000c8c       0xb8 /Applications/KDS_v3.app/Contents/toolchain/bin/../lib/gcc/arm-none-eabi/4.8.4/armv6-m/libgcc.a(floatsisf.o)
                0x0000000000000c8c                __aeabi_i2f
 .text          0x0000000000000d44      0x648 /Applications/KDS_v3.app/Contents/toolchain/bin/../lib/gcc/arm-none-eabi/4.8.4/armv6-m/libgcc.a(divdf3.o)
                0x0000000000000d44                __aeabi_ddiv
 .text          0x000000000000138c       0x94 /Applications/KDS_v3.app/Contents/toolchain/bin/../lib/gcc/arm-none-eabi/4.8.4/armv6-m/libgcc.a(eqdf2.o)
                0x000000000000138c                __eqdf2
                0x000000000000138c                __nedf2
 .text          0x0000000000001420       0xfc /Applications/KDS_v3.app/Contents/toolchain/bin/../lib/gcc/arm-none-eabi/4.8.4/armv6-m/libgcc.a(gedf2.o)
                0x0000000000001420                __gtdf2
                0x0000000000001420                __gedf2
 .text          0x000000000000151c       0xfc /Applications/KDS_v3.app/Contents/toolchain/bin/../lib/gcc/arm-none-eabi/4.8.4/armv6-m/libgcc.a(ledf2.o)
                0x000000000000151c                __ltdf2
                0x000000000000151c                __ledf2
 .text          0x0000000000001618      0x520 /Applications/KDS_v3.app/Contents/toolchain/bin/../lib/gcc/arm-none-eabi/4.8.4/armv6-m/libgcc.a(muldf3.o)
                0x0000000000001618                __aeabi_dmul
 .text          0x0000000000001b38       0x68 /Applications/KDS_v3.app/Contents/toolchain/bin/../lib/gcc/arm-none-eabi/4.8.4/armv6-m/libgcc.a(floatunsidf.o)
                0x0000000000001b38                __aeabi_ui2d
 .text          0x0000000000001ba0       0x74 /Applications/KDS_v3.app/Contents/toolchain/bin/../lib/gcc/arm-none-eabi/4.8.4/armv6-m/libgcc.a(_arm_cmpsf2.o)
                0x0000000000001ba0                __aeabi_cfrcmple
                0x0000000000001ba8                __aeabi_cfcmple
                0x0000000000001ba8                __aeabi_cfcmpeq
                0x0000000000001bb8                __aeabi_fcmpeq
                0x0000000000001bc4                __aeabi_fcmplt
                0x0000000000001bd8                __aeabi_fcmple
                0x0000000000001bec                __aeabi_fcmpgt
                0x0000000000001c00                __aeabi_fcmpge
 .text          0x0000000000001c14       0x3c /Applications/KDS_v3.app/Contents/toolchain/bin/../lib/gcc/arm-none-eabi/4.8.4/armv6-m/libgcc.a(_clzsi2.o)
                0x0000000000001c14                __clzsi2
 .text          0x0000000000001c50       0x54 /Applications/KDS_v3.app/Contents/toolchain/bin/../lib/gcc/arm-none-eabi/4.8.4/armv6-m/libgcc.a(eqsf2.o)
                0x0000000000001c50                __nesf2
                0x0000000000001c50                __eqsf2
 .text          0x0000000000001ca4       0x90 /Applications/KDS_v3.app/Contents/toolchain/bin/../lib/gcc/arm-none-eabi/4.8.4/armv6-m/libgcc.a(gesf2.o)
                0x0000000000001ca4                __gtsf2
                0x0000000000001ca4                __gesf2
 .text          0x0000000000001d34       0x98 /Applications/KDS_v3.app/Contents/toolchain/bin/../lib/gcc/arm-none-eabi/4.8.4/armv6-m/libgcc.a(lesf2.o)
                0x0000000000001d34                __lesf2
                0x0000000000001d34                __ltsf2
 *(.text*)
 .text.UART_HAL_EnableTransmitter
                0x0000000000001dcc       0x1c ./utilities/fsl_debug_console.o
 .text.UART_HAL_EnableReceiver
                0x0000000000001de8       0x1c ./utilities/fsl_debug_console.o
 .text.UART_HAL_SetBitCountPerChar
                0x0000000000001e04       0x28 ./utilities/fsl_debug_console.o
 .text.UART_HAL_SetStopBitCount
                0x0000000000001e2c       0x28 ./utilities/fsl_debug_console.o
 .text.LPSCI_HAL_EnableTransmitter
                0x0000000000001e54       0x1c ./utilities/fsl_debug_console.o
 .text.LPSCI_HAL_EnableReceiver
                0x0000000000001e70       0x1c ./utilities/fsl_debug_console.o
 .text.LPSCI_HAL_SetBitCountPerChar
                0x0000000000001e8c       0x28 ./utilities/fsl_debug_console.o
 .text.LPSCI_HAL_SetStopBitCount
                0x0000000000001eb4       0x28 ./utilities/fsl_debug_console.o
 .text.DbgConsole_Init
                0x0000000000001edc      0x160 ./utilities/fsl_debug_console.o
                0x0000000000001edc                DbgConsole_Init
 .text._write   0x000000000000203c       0x5c ./utilities/fsl_debug_console.o
                0x000000000000203c                _write
 .text._read    0x0000000000002098       0x48 ./utilities/fsl_debug_console.o
                0x0000000000002098                _read
 .text.debug_printf
                0x00000000000020e0       0x4c ./utilities/fsl_debug_console.o
                0x00000000000020e0                debug_printf
 .text.debug_putc
                0x000000000000212c       0x44 ./utilities/fsl_debug_console.o
 .text._sbrk    0x0000000000002170       0x5c ./utilities/fsl_misc_utilities.o
                0x0000000000002170                _sbrk
 .text._doprint
                0x00000000000021cc      0x6e4 ./utilities/print_scan.o
                0x00000000000021cc                _doprint
 .text.mknumstr
                0x00000000000028b0      0x110 ./utilities/print_scan.o
 .text.fput_pad
                0x00000000000029c0       0x44 ./utilities/print_scan.o
 .text.init_data_bss
                0x0000000000002a04       0xc8 ./startup/startup.o
                0x0000000000002a04                init_data_bss
 .text.SystemInit
                0x0000000000002acc       0x18 ./startup/system_MKL25Z4.o
                0x0000000000002acc                SystemInit
 .text.LPTMR0_IRQHandler
                0x0000000000002ae4       0x10 ./source/fsl_lptmr_irq.o
                0x0000000000002ae4                LPTMR0_IRQHandler
 .text.main     0x0000000000002af4      0x104 ./source/main.o
                0x0000000000002af4                main
 .text.circular_buffer_full
                0x0000000000002bf8       0x24 ./portsource/circular_buffer.o
                0x0000000000002bf8                circular_buffer_full
 .text.circular_buffer_empty
                0x0000000000002c1c       0x20 ./portsource/circular_buffer.o
                0x0000000000002c1c                circular_buffer_empty
 .text.circular_buffer_delete_element
                0x0000000000002c3c       0x68 ./portsource/circular_buffer.o
                0x0000000000002c3c                circular_buffer_delete_element
 .text.circular_buffer_add_element
                0x0000000000002ca4       0x80 ./portsource/circular_buffer.o
                0x0000000000002ca4                circular_buffer_add_element
 .text.NVIC_EnableIRQ
                0x0000000000002d24       0x2c ./portsource/dma_driver.o
 .text.PEAK_Calculation
                0x0000000000002d50       0x74 ./portsource/dma_driver.o
                0x0000000000002d50                PEAK_Calculation
 *fill*         0x0000000000002dc4        0x4 
 .text.LOGARITHMIC_Calculation
                0x0000000000002dc8      0x1d0 ./portsource/dma_driver.o
                0x0000000000002dc8                LOGARITHMIC_Calculation
 .text.DECAY_AND_LOGARITHMIC_Calculation
                0x0000000000002f98       0xb4 ./portsource/dma_driver.o
                0x0000000000002f98                DECAY_AND_LOGARITHMIC_Calculation
 .text.DMA0_DRV_Init
                0x000000000000304c       0xa4 ./portsource/dma_driver.o
                0x000000000000304c                DMA0_DRV_Init
 .text.DMA0_IRQHandler
                0x00000000000030f0       0x54 ./portsource/dma_driver.o
                0x00000000000030f0                DMA0_IRQHandler
 .text.ClearArray
                0x0000000000003144       0x44 ./portsource/uart_driver.o
                0x0000000000003144                ClearArray
 .text.PrintStatistics
                0x0000000000003188      0x160 ./portsource/uart_driver.o
                0x0000000000003188                PrintStatistics
 .text.UART_send
                0x00000000000032e8       0x44 ./portsource/uart_driver.o
                0x00000000000032e8                UART_send
 .text.UART_sendc
                0x000000000000332c       0x4c ./portsource/uart_driver.o
                0x000000000000332c                UART_sendc
 .text.UART0_IRQHandler
                0x0000000000003378      0x13c ./portsource/uart_driver.o
                0x0000000000003378                UART0_IRQHandler
 .text.itoa     0x00000000000034b4      0x188 ./portsource/uart_driver.o
                0x00000000000034b4                itoa
 .text.PORT_HAL_SetMuxMode
                0x000000000000363c       0x4c ./board/board.o
 .text.CLOCK_HAL_SetLpsciSrc
                0x0000000000003688       0x30 ./board/board.o
 .text.CLOCK_SYS_SetLpsciSrc
                0x00000000000036b8       0x2c ./board/board.o
 .text.SMC_HAL_SetProtection
                0x00000000000036e4       0x1c ./board/board.o
 .text.BOARD_InitOsc0
                0x0000000000003700       0x40 ./board/board.o
                0x0000000000003700                BOARD_InitOsc0
 .text.CLOCK_SetBootConfig
                0x0000000000003740       0x3c ./board/board.o
 .text.BOARD_ClockInit
                0x000000000000377c       0x44 ./board/board.o
                0x000000000000377c                BOARD_ClockInit
 .text.dbg_uart_init
                0x00000000000037c0       0x24 ./board/board.o
                0x00000000000037c0                dbg_uart_init
 .text.hardware_init
                0x00000000000037e4       0x24 ./board/hardware_init.o
                0x00000000000037e4                hardware_init
 .text.PORT_HAL_SetMuxMode
                0x0000000000003808       0x4c ./board/pin_mux.o
 .text.configure_lpsci_pins
                0x0000000000003854       0x34 ./board/pin_mux.o
                0x0000000000003854                configure_lpsci_pins
 .text.UART_HAL_SetBaudRate
                0x0000000000003888       0x6c /Users/kiyasul/workspace.kds/Freescale/KSDK_1.3.0/examples/frdmkl25z/demo_apps/hello_world/kds/../../../../../lib/ksdk_platform_lib/kds/KL25Z4/debug/libksdk_platform.a(fsl_uart_hal.o)
                0x0000000000003888                UART_HAL_SetBaudRate
 .text.UART_HAL_SetParityMode
                0x00000000000038f4       0x40 /Users/kiyasul/workspace.kds/Freescale/KSDK_1.3.0/examples/frdmkl25z/demo_apps/hello_world/kds/../../../../../lib/ksdk_platform_lib/kds/KL25Z4/debug/libksdk_platform.a(fsl_uart_hal.o)
                0x00000000000038f4                UART_HAL_SetParityMode
 .text.UART_HAL_Putchar
                0x0000000000003934       0x34 /Users/kiyasul/workspace.kds/Freescale/KSDK_1.3.0/examples/frdmkl25z/demo_apps/hello_world/kds/../../../../../lib/ksdk_platform_lib/kds/KL25Z4/debug/libksdk_platform.a(fsl_uart_hal.o)
                0x0000000000003934                UART_HAL_Putchar
 .text.UART_HAL_Getchar
                0x0000000000003968       0x34 /Users/kiyasul/workspace.kds/Freescale/KSDK_1.3.0/examples/frdmkl25z/demo_apps/hello_world/kds/../../../../../lib/ksdk_platform_lib/kds/KL25Z4/debug/libksdk_platform.a(fsl_uart_hal.o)
                0x0000000000003968                UART_HAL_Getchar
 .text.UART_HAL_SendDataPolling
                0x000000000000399c       0x44 /Users/kiyasul/workspace.kds/Freescale/KSDK_1.3.0/examples/frdmkl25z/demo_apps/hello_world/kds/../../../../../lib/ksdk_platform_lib/kds/KL25Z4/debug/libksdk_platform.a(fsl_uart_hal.o)
                0x000000000000399c                UART_HAL_SendDataPolling
 .text.UART_HAL_ReceiveDataPolling
                0x00000000000039e0       0xa4 /Users/kiyasul/workspace.kds/Freescale/KSDK_1.3.0/examples/frdmkl25z/demo_apps/hello_world/kds/../../../../../lib/ksdk_platform_lib/kds/KL25Z4/debug/libksdk_platform.a(fsl_uart_hal.o)
                0x00000000000039e0                UART_HAL_ReceiveDataPolling
 .text.LPTMR_HAL_ClearIntFlag
                0x0000000000003a84       0x1c /Users/kiyasul/workspace.kds/Freescale/KSDK_1.3.0/examples/frdmkl25z/demo_apps/hello_world/kds/../../../../../lib/ksdk_platform_lib/kds/KL25Z4/debug/libksdk_platform.a(fsl_lptmr_driver.o)
 .text.SIM_HAL_GetGateCmd
                0x0000000000003aa0       0x50 /Users/kiyasul/workspace.kds/Freescale/KSDK_1.3.0/examples/frdmkl25z/demo_apps/hello_world/kds/../../../../../lib/ksdk_platform_lib/kds/KL25Z4/debug/libksdk_platform.a(fsl_lptmr_driver.o)
 .text.CLOCK_SYS_GetLptmrGateCmd
                0x0000000000003af0       0x20 /Users/kiyasul/workspace.kds/Freescale/KSDK_1.3.0/examples/frdmkl25z/demo_apps/hello_world/kds/../../../../../lib/ksdk_platform_lib/kds/KL25Z4/debug/libksdk_platform.a(fsl_lptmr_driver.o)
 .text.LPTMR_DRV_IRQHandler
                0x0000000000003b10       0x90 /Users/kiyasul/workspace.kds/Freescale/KSDK_1.3.0/examples/frdmkl25z/demo_apps/hello_world/kds/../../../../../lib/ksdk_platform_lib/kds/KL25Z4/debug/libksdk_platform.a(fsl_lptmr_driver.o)
                0x0000000000003b10                LPTMR_DRV_IRQHandler
 .text.LPSCI_HAL_Putchar
                0x0000000000003ba0       0x1c /Users/kiyasul/workspace.kds/Freescale/KSDK_1.3.0/examples/frdmkl25z/demo_apps/hello_world/kds/../../../../../lib/ksdk_platform_lib/kds/KL25Z4/debug/libksdk_platform.a(fsl_lpsci_hal.o)
 .text.LPSCI_HAL_Getchar
                0x0000000000003bbc       0x1c /Users/kiyasul/workspace.kds/Freescale/KSDK_1.3.0/examples/frdmkl25z/demo_apps/hello_world/kds/../../../../../lib/ksdk_platform_lib/kds/KL25Z4/debug/libksdk_platform.a(fsl_lpsci_hal.o)
 .text.LPSCI_HAL_SetBaudRate
                0x0000000000003bd8      0x14c /Users/kiyasul/workspace.kds/Freescale/KSDK_1.3.0/examples/frdmkl25z/demo_apps/hello_world/kds/../../../../../lib/ksdk_platform_lib/kds/KL25Z4/debug/libksdk_platform.a(fsl_lpsci_hal.o)
                0x0000000000003bd8                LPSCI_HAL_SetBaudRate
 .text.LPSCI_HAL_SetParityMode
                0x0000000000003d24       0x40 /Users/kiyasul/workspace.kds/Freescale/KSDK_1.3.0/examples/frdmkl25z/demo_apps/hello_world/kds/../../../../../lib/ksdk_platform_lib/kds/KL25Z4/debug/libksdk_platform.a(fsl_lpsci_hal.o)
                0x0000000000003d24                LPSCI_HAL_SetParityMode
 .text.LPSCI_HAL_SendDataPolling
                0x0000000000003d64       0x44 /Users/kiyasul/workspace.kds/Freescale/KSDK_1.3.0/examples/frdmkl25z/demo_apps/hello_world/kds/../../../../../lib/ksdk_platform_lib/kds/KL25Z4/debug/libksdk_platform.a(fsl_lpsci_hal.o)
                0x0000000000003d64                LPSCI_HAL_SendDataPolling
 .text.LPSCI_HAL_ReceiveDataPolling
                0x0000000000003da8       0x88 /Users/kiyasul/workspace.kds/Freescale/KSDK_1.3.0/examples/frdmkl25z/demo_apps/hello_world/kds/../../../../../lib/ksdk_platform_lib/kds/KL25Z4/debug/libksdk_platform.a(fsl_lpsci_hal.o)
                0x0000000000003da8                LPSCI_HAL_ReceiveDataPolling
 .text.PORT_HAL_SetSlewRateMode
                0x0000000000003e30       0x4c /Users/kiyasul/workspace.kds/Freescale/KSDK_1.3.0/examples/frdmkl25z/demo_apps/hello_world/kds/../../../../../lib/ksdk_platform_lib/kds/KL25Z4/debug/libksdk_platform.a(fsl_gpio_driver.o)
 .text.PORT_HAL_SetDriveStrengthMode
                0x0000000000003e7c       0x4c /Users/kiyasul/workspace.kds/Freescale/KSDK_1.3.0/examples/frdmkl25z/demo_apps/hello_world/kds/../../../../../lib/ksdk_platform_lib/kds/KL25Z4/debug/libksdk_platform.a(fsl_gpio_driver.o)
 .text.PORT_HAL_SetMuxMode
                0x0000000000003ec8       0x4c /Users/kiyasul/workspace.kds/Freescale/KSDK_1.3.0/examples/frdmkl25z/demo_apps/hello_world/kds/../../../../../lib/ksdk_platform_lib/kds/KL25Z4/debug/libksdk_platform.a(fsl_gpio_driver.o)
 .text.GPIO_HAL_TogglePinOutput
                0x0000000000003f14       0x3c /Users/kiyasul/workspace.kds/Freescale/KSDK_1.3.0/examples/frdmkl25z/demo_apps/hello_world/kds/../../../../../lib/ksdk_platform_lib/kds/KL25Z4/debug/libksdk_platform.a(fsl_gpio_driver.o)
 .text.GPIO_DRV_OutputPinInit
                0x0000000000003f50       0x9c /Users/kiyasul/workspace.kds/Freescale/KSDK_1.3.0/examples/frdmkl25z/demo_apps/hello_world/kds/../../../../../lib/ksdk_platform_lib/kds/KL25Z4/debug/libksdk_platform.a(fsl_gpio_driver.o)
                0x0000000000003f50                GPIO_DRV_OutputPinInit
 .text.GPIO_DRV_TogglePinOutput
                0x0000000000003fec       0x38 /Users/kiyasul/workspace.kds/Freescale/KSDK_1.3.0/examples/frdmkl25z/demo_apps/hello_world/kds/../../../../../lib/ksdk_platform_lib/kds/KL25Z4/debug/libksdk_platform.a(fsl_gpio_driver.o)
                0x0000000000003fec                GPIO_DRV_TogglePinOutput
 .text.SIM_HAL_EnableClock
                0x0000000000004024       0x58 /Users/kiyasul/workspace.kds/Freescale/KSDK_1.3.0/examples/frdmkl25z/demo_apps/hello_world/kds/../../../../../lib/ksdk_platform_lib/kds/KL25Z4/debug/libksdk_platform.a(fsl_clock_MKL25Z4.o)
 .text.CLOCK_HAL_GetLpsciSrc
                0x000000000000407c       0x28 /Users/kiyasul/workspace.kds/Freescale/KSDK_1.3.0/examples/frdmkl25z/demo_apps/hello_world/kds/../../../../../lib/ksdk_platform_lib/kds/KL25Z4/debug/libksdk_platform.a(fsl_clock_MKL25Z4.o)
 .text.CLOCK_HAL_SetExternalRefClock32kSrc
                0x00000000000040a4       0x28 /Users/kiyasul/workspace.kds/Freescale/KSDK_1.3.0/examples/frdmkl25z/demo_apps/hello_world/kds/../../../../../lib/ksdk_platform_lib/kds/KL25Z4/debug/libksdk_platform.a(fsl_clock_MKL25Z4.o)
 .text.CLOCK_HAL_SetPllfllSel
                0x00000000000040cc       0x2c /Users/kiyasul/workspace.kds/Freescale/KSDK_1.3.0/examples/frdmkl25z/demo_apps/hello_world/kds/../../../../../lib/ksdk_platform_lib/kds/KL25Z4/debug/libksdk_platform.a(fsl_clock_MKL25Z4.o)
 .text.CLOCK_HAL_GetPllfllSel
                0x00000000000040f8       0x24 /Users/kiyasul/workspace.kds/Freescale/KSDK_1.3.0/examples/frdmkl25z/demo_apps/hello_world/kds/../../../../../lib/ksdk_platform_lib/kds/KL25Z4/debug/libksdk_platform.a(fsl_clock_MKL25Z4.o)
 .text.CLOCK_HAL_GetOutDiv1
                0x000000000000411c       0x28 /Users/kiyasul/workspace.kds/Freescale/KSDK_1.3.0/examples/frdmkl25z/demo_apps/hello_world/kds/../../../../../lib/ksdk_platform_lib/kds/KL25Z4/debug/libksdk_platform.a(fsl_clock_MKL25Z4.o)
 .text.CLOCK_HAL_GetOutDiv4
                0x0000000000004144       0x28 /Users/kiyasul/workspace.kds/Freescale/KSDK_1.3.0/examples/frdmkl25z/demo_apps/hello_world/kds/../../../../../lib/ksdk_platform_lib/kds/KL25Z4/debug/libksdk_platform.a(fsl_clock_MKL25Z4.o)
 .text.OSC_HAL_GetExternalRefClkCmd
                0x000000000000416c       0x24 /Users/kiyasul/workspace.kds/Freescale/KSDK_1.3.0/examples/frdmkl25z/demo_apps/hello_world/kds/../../../../../lib/ksdk_platform_lib/kds/KL25Z4/debug/libksdk_platform.a(fsl_clock_MKL25Z4.o)
 .text.CLOCK_SYS_SetSimConfigration
                0x0000000000004190       0x48 /Users/kiyasul/workspace.kds/Freescale/KSDK_1.3.0/examples/frdmkl25z/demo_apps/hello_world/kds/../../../../../lib/ksdk_platform_lib/kds/KL25Z4/debug/libksdk_platform.a(fsl_clock_MKL25Z4.o)
                0x0000000000004190                CLOCK_SYS_SetSimConfigration
 .text.CLOCK_SYS_GetSystemClockFreq
                0x00000000000041d8       0x34 /Users/kiyasul/workspace.kds/Freescale/KSDK_1.3.0/examples/frdmkl25z/demo_apps/hello_world/kds/../../../../../lib/ksdk_platform_lib/kds/KL25Z4/debug/libksdk_platform.a(fsl_clock_MKL25Z4.o)
                0x00000000000041d8                CLOCK_SYS_GetSystemClockFreq
 .text.CLOCK_SYS_GetBusClockFreq
                0x000000000000420c       0x2c /Users/kiyasul/workspace.kds/Freescale/KSDK_1.3.0/examples/frdmkl25z/demo_apps/hello_world/kds/../../../../../lib/ksdk_platform_lib/kds/KL25Z4/debug/libksdk_platform.a(fsl_clock_MKL25Z4.o)
                0x000000000000420c                CLOCK_SYS_GetBusClockFreq
 .text.CLOCK_SYS_GetPllFllClockFreq
                0x0000000000004238       0x5c /Users/kiyasul/workspace.kds/Freescale/KSDK_1.3.0/examples/frdmkl25z/demo_apps/hello_world/kds/../../../../../lib/ksdk_platform_lib/kds/KL25Z4/debug/libksdk_platform.a(fsl_clock_MKL25Z4.o)
                0x0000000000004238                CLOCK_SYS_GetPllFllClockFreq
 .text.CLOCK_SYS_GetOsc0ExternalRefClockFreq
                0x0000000000004294       0x2c /Users/kiyasul/workspace.kds/Freescale/KSDK_1.3.0/examples/frdmkl25z/demo_apps/hello_world/kds/../../../../../lib/ksdk_platform_lib/kds/KL25Z4/debug/libksdk_platform.a(fsl_clock_MKL25Z4.o)
                0x0000000000004294                CLOCK_SYS_GetOsc0ExternalRefClockFreq
 .text.CLOCK_SYS_GetLpsciFreq
                0x00000000000042c0       0x68 /Users/kiyasul/workspace.kds/Freescale/KSDK_1.3.0/examples/frdmkl25z/demo_apps/hello_world/kds/../../../../../lib/ksdk_platform_lib/kds/KL25Z4/debug/libksdk_platform.a(fsl_clock_MKL25Z4.o)
                0x00000000000042c0                CLOCK_SYS_GetLpsciFreq
 .text.CLOCK_SYS_GetUartFreq
                0x0000000000004328       0x2c /Users/kiyasul/workspace.kds/Freescale/KSDK_1.3.0/examples/frdmkl25z/demo_apps/hello_world/kds/../../../../../lib/ksdk_platform_lib/kds/KL25Z4/debug/libksdk_platform.a(fsl_clock_MKL25Z4.o)
                0x0000000000004328                CLOCK_SYS_GetUartFreq
 .text.CLOCK_SYS_EnablePortClock
                0x0000000000004354       0x4c /Users/kiyasul/workspace.kds/Freescale/KSDK_1.3.0/examples/frdmkl25z/demo_apps/hello_world/kds/../../../../../lib/ksdk_platform_lib/kds/KL25Z4/debug/libksdk_platform.a(fsl_clock_MKL25Z4.o)
                0x0000000000004354                CLOCK_SYS_EnablePortClock
 .text.CLOCK_SYS_EnableAdcClock
                0x00000000000043a0       0x40 /Users/kiyasul/workspace.kds/Freescale/KSDK_1.3.0/examples/frdmkl25z/demo_apps/hello_world/kds/../../../../../lib/ksdk_platform_lib/kds/KL25Z4/debug/libksdk_platform.a(fsl_clock_MKL25Z4.o)
                0x00000000000043a0                CLOCK_SYS_EnableAdcClock
 .text.CLOCK_SYS_EnableLpsciClock
                0x00000000000043e0       0x40 /Users/kiyasul/workspace.kds/Freescale/KSDK_1.3.0/examples/frdmkl25z/demo_apps/hello_world/kds/../../../../../lib/ksdk_platform_lib/kds/KL25Z4/debug/libksdk_platform.a(fsl_clock_MKL25Z4.o)
                0x00000000000043e0                CLOCK_SYS_EnableLpsciClock
 .text.CLOCK_SYS_EnableUartClock
                0x0000000000004420       0x4c /Users/kiyasul/workspace.kds/Freescale/KSDK_1.3.0/examples/frdmkl25z/demo_apps/hello_world/kds/../../../../../lib/ksdk_platform_lib/kds/KL25Z4/debug/libksdk_platform.a(fsl_clock_MKL25Z4.o)
                0x0000000000004420                CLOCK_SYS_EnableUartClock
 .text.CLOCK_HAL_SetClkOutSrc
                0x000000000000446c       0x28 /Users/kiyasul/workspace.kds/Freescale/KSDK_1.3.0/examples/frdmkl25z/demo_apps/hello_world/kds/../../../../../lib/ksdk_platform_lib/kds/KL25Z4/debug/libksdk_platform.a(fsl_clock_manager.o)
 .text.CLOCK_HAL_SetClksFrdivIrefs
                0x0000000000004494       0x60 /Users/kiyasul/workspace.kds/Freescale/KSDK_1.3.0/examples/frdmkl25z/demo_apps/hello_world/kds/../../../../../lib/ksdk_platform_lib/kds/KL25Z4/debug/libksdk_platform.a(fsl_clock_manager.o)
 .text.CLOCK_HAL_GetClkOutStat
                0x00000000000044f4       0x20 /Users/kiyasul/workspace.kds/Freescale/KSDK_1.3.0/examples/frdmkl25z/demo_apps/hello_world/kds/../../../../../lib/ksdk_platform_lib/kds/KL25Z4/debug/libksdk_platform.a(fsl_clock_manager.o)
 .text.CLOCK_HAL_GetFllSrc
                0x0000000000004514       0x20 /Users/kiyasul/workspace.kds/Freescale/KSDK_1.3.0/examples/frdmkl25z/demo_apps/hello_world/kds/../../../../../lib/ksdk_platform_lib/kds/KL25Z4/debug/libksdk_platform.a(fsl_clock_manager.o)
 .text.CLOCK_HAL_IsOsc0Stable
                0x0000000000004534       0x24 /Users/kiyasul/workspace.kds/Freescale/KSDK_1.3.0/examples/frdmkl25z/demo_apps/hello_world/kds/../../../../../lib/ksdk_platform_lib/kds/KL25Z4/debug/libksdk_platform.a(fsl_clock_manager.o)
 .text.OSC_HAL_SetExternalRefClkCmd
                0x0000000000004558       0x28 /Users/kiyasul/workspace.kds/Freescale/KSDK_1.3.0/examples/frdmkl25z/demo_apps/hello_world/kds/../../../../../lib/ksdk_platform_lib/kds/KL25Z4/debug/libksdk_platform.a(fsl_clock_manager.o)
 .text.OSC_HAL_SetExternalRefClkInStopModeCmd
                0x0000000000004580       0x28 /Users/kiyasul/workspace.kds/Freescale/KSDK_1.3.0/examples/frdmkl25z/demo_apps/hello_world/kds/../../../../../lib/ksdk_platform_lib/kds/KL25Z4/debug/libksdk_platform.a(fsl_clock_manager.o)
 .text.CLOCK_SYS_BootToPee
                0x00000000000045a8       0xd0 /Users/kiyasul/workspace.kds/Freescale/KSDK_1.3.0/examples/frdmkl25z/demo_apps/hello_world/kds/../../../../../lib/ksdk_platform_lib/kds/KL25Z4/debug/libksdk_platform.a(fsl_clock_manager.o)
                0x00000000000045a8                CLOCK_SYS_BootToPee
 .text.CLOCK_SYS_OscInit
                0x0000000000004678       0xf0 /Users/kiyasul/workspace.kds/Freescale/KSDK_1.3.0/examples/frdmkl25z/demo_apps/hello_world/kds/../../../../../lib/ksdk_platform_lib/kds/KL25Z4/debug/libksdk_platform.a(fsl_clock_manager.o)
                0x0000000000004678                CLOCK_SYS_OscInit
 .text.CLOCK_SYS_SetOscerConfigration
                0x0000000000004768       0x3c /Users/kiyasul/workspace.kds/Freescale/KSDK_1.3.0/examples/frdmkl25z/demo_apps/hello_world/kds/../../../../../lib/ksdk_platform_lib/kds/KL25Z4/debug/libksdk_platform.a(fsl_clock_manager.o)
                0x0000000000004768                CLOCK_SYS_SetOscerConfigration
 .text.NVIC_EnableIRQ
                0x00000000000047a4       0x2c /Users/kiyasul/workspace.kds/Freescale/KSDK_1.3.0/examples/frdmkl25z/demo_apps/hello_world/kds/../../../../../lib/ksdk_platform_lib/kds/KL25Z4/debug/libksdk_platform.a(fsl_adc16_driver.o)
 .text.INT_SYS_EnableIRQ
                0x00000000000047d0       0x5c /Users/kiyasul/workspace.kds/Freescale/KSDK_1.3.0/examples/frdmkl25z/demo_apps/hello_world/kds/../../../../../lib/ksdk_platform_lib/kds/KL25Z4/debug/libksdk_platform.a(fsl_adc16_driver.o)
 .text.ADC16_DRV_Init
                0x000000000000482c       0x7c /Users/kiyasul/workspace.kds/Freescale/KSDK_1.3.0/examples/frdmkl25z/demo_apps/hello_world/kds/../../../../../lib/ksdk_platform_lib/kds/KL25Z4/debug/libksdk_platform.a(fsl_adc16_driver.o)
                0x000000000000482c                ADC16_DRV_Init
 .text.ADC16_DRV_ConfigHwAverage
                0x00000000000048a8       0x58 /Users/kiyasul/workspace.kds/Freescale/KSDK_1.3.0/examples/frdmkl25z/demo_apps/hello_world/kds/../../../../../lib/ksdk_platform_lib/kds/KL25Z4/debug/libksdk_platform.a(fsl_adc16_driver.o)
                0x00000000000048a8                ADC16_DRV_ConfigHwAverage
 .text.ADC16_DRV_ConfigConvChn
                0x0000000000004900       0x60 /Users/kiyasul/workspace.kds/Freescale/KSDK_1.3.0/examples/frdmkl25z/demo_apps/hello_world/kds/../../../../../lib/ksdk_platform_lib/kds/KL25Z4/debug/libksdk_platform.a(fsl_adc16_driver.o)
                0x0000000000004900                ADC16_DRV_ConfigConvChn
 .text.CLOCK_HAL_SetOutDiv
                0x0000000000004960       0x50 /Users/kiyasul/workspace.kds/Freescale/KSDK_1.3.0/examples/frdmkl25z/demo_apps/hello_world/kds/../../../../../lib/ksdk_platform_lib/kds/KL25Z4/debug/libksdk_platform.a(fsl_sim_hal_MKL25Z4.o)
                0x0000000000004960                CLOCK_HAL_SetOutDiv
 .text.OSC_HAL_SetCapacitor
                0x00000000000049b0       0x28 /Users/kiyasul/workspace.kds/Freescale/KSDK_1.3.0/examples/frdmkl25z/demo_apps/hello_world/kds/../../../../../lib/ksdk_platform_lib/kds/KL25Z4/debug/libksdk_platform.a(fsl_osc_hal.o)
                0x00000000000049b0                OSC_HAL_SetCapacitor
 .text.CLOCK_HAL_GetClkOutStat
                0x00000000000049d8       0x20 /Users/kiyasul/workspace.kds/Freescale/KSDK_1.3.0/examples/frdmkl25z/demo_apps/hello_world/kds/../../../../../lib/ksdk_platform_lib/kds/KL25Z4/debug/libksdk_platform.a(fsl_mcg_hal.o)
 .text.CLOCK_HAL_SetInternalRefClkMode
                0x00000000000049f8       0x24 /Users/kiyasul/workspace.kds/Freescale/KSDK_1.3.0/examples/frdmkl25z/demo_apps/hello_world/kds/../../../../../lib/ksdk_platform_lib/kds/KL25Z4/debug/libksdk_platform.a(fsl_mcg_hal.o)
 .text.CLOCK_HAL_GetInternalRefClkMode
                0x0000000000004a1c       0x20 /Users/kiyasul/workspace.kds/Freescale/KSDK_1.3.0/examples/frdmkl25z/demo_apps/hello_world/kds/../../../../../lib/ksdk_platform_lib/kds/KL25Z4/debug/libksdk_platform.a(fsl_mcg_hal.o)
 .text.CLOCK_HAL_IsPllSelected
                0x0000000000004a3c       0x24 /Users/kiyasul/workspace.kds/Freescale/KSDK_1.3.0/examples/frdmkl25z/demo_apps/hello_world/kds/../../../../../lib/ksdk_platform_lib/kds/KL25Z4/debug/libksdk_platform.a(fsl_mcg_hal.o)
 .text.CLOCK_HAL_IsOsc0Stable
                0x0000000000004a60       0x24 /Users/kiyasul/workspace.kds/Freescale/KSDK_1.3.0/examples/frdmkl25z/demo_apps/hello_world/kds/../../../../../lib/ksdk_platform_lib/kds/KL25Z4/debug/libksdk_platform.a(fsl_mcg_hal.o)
 .text.CLOCK_HAL_PrepareOsc
                0x0000000000004a84       0x3c /Users/kiyasul/workspace.kds/Freescale/KSDK_1.3.0/examples/frdmkl25z/demo_apps/hello_world/kds/../../../../../lib/ksdk_platform_lib/kds/KL25Z4/debug/libksdk_platform.a(fsl_mcg_hal.o)
                0x0000000000004a84                CLOCK_HAL_PrepareOsc
 .text.CLOCK_HAL_GetMcgExternalClkFreq
                0x0000000000004ac0       0x18 /Users/kiyasul/workspace.kds/Freescale/KSDK_1.3.0/examples/frdmkl25z/demo_apps/hello_world/kds/../../../../../lib/ksdk_platform_lib/kds/KL25Z4/debug/libksdk_platform.a(fsl_mcg_hal.o)
 .text.CLOCK_HAL_TestFllExternalRefFreq
                0x0000000000004ad8       0x7c /Users/kiyasul/workspace.kds/Freescale/KSDK_1.3.0/examples/frdmkl25z/demo_apps/hello_world/kds/../../../../../lib/ksdk_platform_lib/kds/KL25Z4/debug/libksdk_platform.a(fsl_mcg_hal.o)
                0x0000000000004ad8                CLOCK_HAL_TestFllExternalRefFreq
 .text.CLOCK_HAL_GetFllRefClk
                0x0000000000004b54       0x8c /Users/kiyasul/workspace.kds/Freescale/KSDK_1.3.0/examples/frdmkl25z/demo_apps/hello_world/kds/../../../../../lib/ksdk_platform_lib/kds/KL25Z4/debug/libksdk_platform.a(fsl_mcg_hal.o)
                0x0000000000004b54                CLOCK_HAL_GetFllRefClk
 .text.CLOCK_HAL_TestFllFreq
                0x0000000000004be0       0x6c /Users/kiyasul/workspace.kds/Freescale/KSDK_1.3.0/examples/frdmkl25z/demo_apps/hello_world/kds/../../../../../lib/ksdk_platform_lib/kds/KL25Z4/debug/libksdk_platform.a(fsl_mcg_hal.o)
                0x0000000000004be0                CLOCK_HAL_TestFllFreq
 .text.CLOCK_HAL_GetFllClk
                0x0000000000004c4c       0x7c /Users/kiyasul/workspace.kds/Freescale/KSDK_1.3.0/examples/frdmkl25z/demo_apps/hello_world/kds/../../../../../lib/ksdk_platform_lib/kds/KL25Z4/debug/libksdk_platform.a(fsl_mcg_hal.o)
                0x0000000000004c4c                CLOCK_HAL_GetFllClk
 .text.CLOCK_HAL_UpdateFastClkInternalRefDiv
                0x0000000000004cc8       0xb8 /Users/kiyasul/workspace.kds/Freescale/KSDK_1.3.0/examples/frdmkl25z/demo_apps/hello_world/kds/../../../../../lib/ksdk_platform_lib/kds/KL25Z4/debug/libksdk_platform.a(fsl_mcg_hal.o)
                0x0000000000004cc8                CLOCK_HAL_UpdateFastClkInternalRefDiv
 .text.CLOCK_HAL_UpdateInternalRefClk
                0x0000000000004d80       0x8c /Users/kiyasul/workspace.kds/Freescale/KSDK_1.3.0/examples/frdmkl25z/demo_apps/hello_world/kds/../../../../../lib/ksdk_platform_lib/kds/KL25Z4/debug/libksdk_platform.a(fsl_mcg_hal.o)
                0x0000000000004d80                CLOCK_HAL_UpdateInternalRefClk
 .text.CLOCK_HAL_GetPll0RefFreq
                0x0000000000004e0c       0x1c /Users/kiyasul/workspace.kds/Freescale/KSDK_1.3.0/examples/frdmkl25z/demo_apps/hello_world/kds/../../../../../lib/ksdk_platform_lib/kds/KL25Z4/debug/libksdk_platform.a(fsl_mcg_hal.o)
                0x0000000000004e0c                CLOCK_HAL_GetPll0RefFreq
 .text.CLOCK_HAL_GetPll0Clk
                0x0000000000004e28       0x90 /Users/kiyasul/workspace.kds/Freescale/KSDK_1.3.0/examples/frdmkl25z/demo_apps/hello_world/kds/../../../../../lib/ksdk_platform_lib/kds/KL25Z4/debug/libksdk_platform.a(fsl_mcg_hal.o)
                0x0000000000004e28                CLOCK_HAL_GetPll0Clk
 .text.CLOCK_HAL_GetInternalRefClk
                0x0000000000004eb8       0x64 /Users/kiyasul/workspace.kds/Freescale/KSDK_1.3.0/examples/frdmkl25z/demo_apps/hello_world/kds/../../../../../lib/ksdk_platform_lib/kds/KL25Z4/debug/libksdk_platform.a(fsl_mcg_hal.o)
                0x0000000000004eb8                CLOCK_HAL_GetInternalRefClk
 .text.CLOCK_HAL_GetOutClk
                0x0000000000004f1c       0x7c /Users/kiyasul/workspace.kds/Freescale/KSDK_1.3.0/examples/frdmkl25z/demo_apps/hello_world/kds/../../../../../lib/ksdk_platform_lib/kds/KL25Z4/debug/libksdk_platform.a(fsl_mcg_hal.o)
                0x0000000000004f1c                CLOCK_HAL_GetOutClk
 .text.CLOCK_HAL_SetOsc0Mode
                0x0000000000004f98       0x68 /Users/kiyasul/workspace.kds/Freescale/KSDK_1.3.0/examples/frdmkl25z/demo_apps/hello_world/kds/../../../../../lib/ksdk_platform_lib/kds/KL25Z4/debug/libksdk_platform.a(fsl_mcg_hal.o)
                0x0000000000004f98                CLOCK_HAL_SetOsc0Mode
 .text.CLOCK_HAL_GetClkOutStat
                0x0000000000005000       0x20 /Users/kiyasul/workspace.kds/Freescale/KSDK_1.3.0/examples/frdmkl25z/demo_apps/hello_world/kds/../../../../../lib/ksdk_platform_lib/kds/KL25Z4/debug/libksdk_platform.a(fsl_mcg_hal_modes.o)
 .text.CLOCK_HAL_SetPll0EnableCmd
                0x0000000000005020       0x28 /Users/kiyasul/workspace.kds/Freescale/KSDK_1.3.0/examples/frdmkl25z/demo_apps/hello_world/kds/../../../../../lib/ksdk_platform_lib/kds/KL25Z4/debug/libksdk_platform.a(fsl_mcg_hal_modes.o)
 .text.CLOCK_HAL_IsPll0Locked
                0x0000000000005048       0x24 /Users/kiyasul/workspace.kds/Freescale/KSDK_1.3.0/examples/frdmkl25z/demo_apps/hello_world/kds/../../../../../lib/ksdk_platform_lib/kds/KL25Z4/debug/libksdk_platform.a(fsl_mcg_hal_modes.o)
 .text.CLOCK_HAL_IsPllSelected
                0x000000000000506c       0x24 /Users/kiyasul/workspace.kds/Freescale/KSDK_1.3.0/examples/frdmkl25z/demo_apps/hello_world/kds/../../../../../lib/ksdk_platform_lib/kds/KL25Z4/debug/libksdk_platform.a(fsl_mcg_hal_modes.o)
 .text.CLOCK_HAL_SetPbeMode
                0x0000000000005090      0x100 /Users/kiyasul/workspace.kds/Freescale/KSDK_1.3.0/examples/frdmkl25z/demo_apps/hello_world/kds/../../../../../lib/ksdk_platform_lib/kds/KL25Z4/debug/libksdk_platform.a(fsl_mcg_hal_modes.o)
                0x0000000000005090                CLOCK_HAL_SetPbeMode
 .text.GPIO_HAL_SetPinDir
                0x0000000000005190       0x6c /Users/kiyasul/workspace.kds/Freescale/KSDK_1.3.0/examples/frdmkl25z/demo_apps/hello_world/kds/../../../../../lib/ksdk_platform_lib/kds/KL25Z4/debug/libksdk_platform.a(fsl_gpio_hal.o)
                0x0000000000005190                GPIO_HAL_SetPinDir
 .text.GPIO_HAL_WritePinOutput
                0x00000000000051fc       0x50 /Users/kiyasul/workspace.kds/Freescale/KSDK_1.3.0/examples/frdmkl25z/demo_apps/hello_world/kds/../../../../../lib/ksdk_platform_lib/kds/KL25Z4/debug/libksdk_platform.a(fsl_gpio_hal.o)
                0x00000000000051fc                GPIO_HAL_WritePinOutput
 .text.ADC16_HAL_Init
                0x000000000000524c       0x34 /Users/kiyasul/workspace.kds/Freescale/KSDK_1.3.0/examples/frdmkl25z/demo_apps/hello_world/kds/../../../../../lib/ksdk_platform_lib/kds/KL25Z4/debug/libksdk_platform.a(fsl_adc16_hal.o)
                0x000000000000524c                ADC16_HAL_Init
 .text.ADC16_HAL_ConfigChn
                0x0000000000005280       0x94 /Users/kiyasul/workspace.kds/Freescale/KSDK_1.3.0/examples/frdmkl25z/demo_apps/hello_world/kds/../../../../../lib/ksdk_platform_lib/kds/KL25Z4/debug/libksdk_platform.a(fsl_adc16_hal.o)
                0x0000000000005280                ADC16_HAL_ConfigChn
 .text.ADC16_HAL_ConfigConverter
                0x0000000000005314      0x1d0 /Users/kiyasul/workspace.kds/Freescale/KSDK_1.3.0/examples/frdmkl25z/demo_apps/hello_world/kds/../../../../../lib/ksdk_platform_lib/kds/KL25Z4/debug/libksdk_platform.a(fsl_adc16_hal.o)
                0x0000000000005314                ADC16_HAL_ConfigConverter
 .text.ADC16_HAL_ConfigHwAverage
                0x00000000000054e4       0x68 /Users/kiyasul/workspace.kds/Freescale/KSDK_1.3.0/examples/frdmkl25z/demo_apps/hello_world/kds/../../../../../lib/ksdk_platform_lib/kds/KL25Z4/debug/libksdk_platform.a(fsl_adc16_hal.o)
                0x00000000000054e4                ADC16_HAL_ConfigHwAverage
 .text.abs      0x000000000000554c        0x8 /Applications/KDS_v3.app/Contents/toolchain/bin/../lib/gcc/arm-none-eabi/4.8.4/../../../../arm-none-eabi/lib/armv6-m/libg_s.a(lib_a-abs.o)
                0x000000000000554c                abs
 .text.__assert_func
                0x0000000000005554       0x3c /Applications/KDS_v3.app/Contents/toolchain/bin/../lib/gcc/arm-none-eabi/4.8.4/../../../../arm-none-eabi/lib/armv6-m/libg_s.a(lib_a-assert.o)
                0x0000000000005554                __assert_func
 .text.__errno  0x0000000000005590        0xc /Applications/KDS_v3.app/Contents/toolchain/bin/../lib/gcc/arm-none-eabi/4.8.4/../../../../arm-none-eabi/lib/armv6-m/libg_s.a(lib_a-errno.o)
                0x0000000000005590                __errno
 .text.exit     0x000000000000559c       0x2c /Applications/KDS_v3.app/Contents/toolchain/bin/../lib/gcc/arm-none-eabi/4.8.4/../../../../arm-none-eabi/lib/armv6-m/libg_s.a(lib_a-exit.o)
                0x000000000000559c                exit
 .text.fprintf  0x00000000000055c8       0x24 /Applications/KDS_v3.app/Contents/toolchain/bin/../lib/gcc/arm-none-eabi/4.8.4/../../../../arm-none-eabi/lib/armv6-m/libg_s.a(lib_a-fprintf.o)
                0x00000000000055c8                fprintf
                0x00000000000055c8                fiprintf
 .text.__libc_init_array
                0x00000000000055ec       0x4c /Applications/KDS_v3.app/Contents/toolchain/bin/../lib/gcc/arm-none-eabi/4.8.4/../../../../arm-none-eabi/lib/armv6-m/libg_s.a(lib_a-init.o)
                0x00000000000055ec                __libc_init_array
 .text.memcpy   0x0000000000005638       0x12 /Applications/KDS_v3.app/Contents/toolchain/bin/../lib/gcc/arm-none-eabi/4.8.4/../../../../arm-none-eabi/lib/armv6-m/libg_s.a(lib_a-memcpy-stub.o)
                0x0000000000005638                memcpy
 .text.memset   0x000000000000564a       0x10 /Applications/KDS_v3.app/Contents/toolchain/bin/../lib/gcc/arm-none-eabi/4.8.4/../../../../arm-none-eabi/lib/armv6-m/libg_s.a(lib_a-memset.o)
                0x000000000000564a                memset
 *fill*         0x000000000000565a        0x2 
 .text._free_r  0x000000000000565c       0x90 /Applications/KDS_v3.app/Contents/toolchain/bin/../lib/gcc/arm-none-eabi/4.8.4/../../../../arm-none-eabi/lib/armv6-m/libg_s.a(lib_a-nano-freer.o)
                0x000000000000565c                _free_r
 .text._malloc_r
                0x00000000000056ec       0xa8 /Applications/KDS_v3.app/Contents/toolchain/bin/../lib/gcc/arm-none-eabi/4.8.4/../../../../arm-none-eabi/lib/armv6-m/libg_s.a(lib_a-nano-mallocr.o)
                0x00000000000056ec                _malloc_r
 .text._sbrk_r  0x0000000000005794       0x24 /Applications/KDS_v3.app/Contents/toolchain/bin/../lib/gcc/arm-none-eabi/4.8.4/../../../../arm-none-eabi/lib/armv6-m/libg_s.a(lib_a-sbrkr.o)
                0x0000000000005794                _sbrk_r
 .text.strlen   0x00000000000057b8        0xe /Applications/KDS_v3.app/Contents/toolchain/bin/../lib/gcc/arm-none-eabi/4.8.4/../../../../arm-none-eabi/lib/armv6-m/libg_s.a(lib_a-strlen.o)
                0x00000000000057b8                strlen
 .text.__sfputc_r
                0x00000000000057c6       0x2a /Applications/KDS_v3.app/Contents/toolchain/bin/../lib/gcc/arm-none-eabi/4.8.4/../../../../arm-none-eabi/lib/armv6-m/libg_s.a(lib_a-vfprintf.o)
 .text.__sfputs_r
                0x00000000000057f0       0x24 /Applications/KDS_v3.app/Contents/toolchain/bin/../lib/gcc/arm-none-eabi/4.8.4/../../../../arm-none-eabi/lib/armv6-m/libg_s.a(lib_a-vfprintf.o)
                0x00000000000057f0                __sfputs_r
 .text._vfprintf_r
                0x0000000000005814      0x210 /Applications/KDS_v3.app/Contents/toolchain/bin/../lib/gcc/arm-none-eabi/4.8.4/../../../../arm-none-eabi/lib/armv6-m/libg_s.a(lib_a-vfprintf.o)
                0x0000000000005814                _vfiprintf_r
                0x0000000000005814                _vfprintf_r
 .text._printf_common
                0x0000000000005a24       0xe8 /Applications/KDS_v3.app/Contents/toolchain/bin/../lib/gcc/arm-none-eabi/4.8.4/../../../../arm-none-eabi/lib/armv6-m/libg_s.a(lib_a-vfprintf_i.o)
                0x0000000000005a24                _printf_common
 .text._printf_i
                0x0000000000005b0c      0x22c /Applications/KDS_v3.app/Contents/toolchain/bin/../lib/gcc/arm-none-eabi/4.8.4/../../../../arm-none-eabi/lib/armv6-m/libg_s.a(lib_a-vfprintf_i.o)
                0x0000000000005b0c                _printf_i
 .text.__swbuf_r
                0x0000000000005d38       0xb0 /Applications/KDS_v3.app/Contents/toolchain/bin/../lib/gcc/arm-none-eabi/4.8.4/../../../../arm-none-eabi/lib/armv6-m/libg_s.a(lib_a-wbuf.o)
                0x0000000000005d38                __swbuf_r
 .text.__swsetup_r
                0x0000000000005de8       0xe4 /Applications/KDS_v3.app/Contents/toolchain/bin/../lib/gcc/arm-none-eabi/4.8.4/../../../../arm-none-eabi/lib/armv6-m/libg_s.a(lib_a-wsetup.o)
                0x0000000000005de8                __swsetup_r
 .text.abort    0x0000000000005ecc        0xe /Applications/KDS_v3.app/Contents/toolchain/bin/../lib/gcc/arm-none-eabi/4.8.4/../../../../arm-none-eabi/lib/armv6-m/libg_s.a(lib_a-abort.o)
                0x0000000000005ecc                abort
 .text.__sflush_r
                0x0000000000005eda      0x112 /Applications/KDS_v3.app/Contents/toolchain/bin/../lib/gcc/arm-none-eabi/4.8.4/../../../../arm-none-eabi/lib/armv6-m/libg_s.a(lib_a-fflush.o)
                0x0000000000005eda                __sflush_r
 .text._fflush_r
                0x0000000000005fec       0x58 /Applications/KDS_v3.app/Contents/toolchain/bin/../lib/gcc/arm-none-eabi/4.8.4/../../../../arm-none-eabi/lib/armv6-m/libg_s.a(lib_a-fflush.o)
                0x0000000000005fec                _fflush_r
 .text._cleanup_r
                0x0000000000006044       0x34 /Applications/KDS_v3.app/Contents/toolchain/bin/../lib/gcc/arm-none-eabi/4.8.4/../../../../arm-none-eabi/lib/armv6-m/libg_s.a(lib_a-findfp.o)
                0x0000000000006044                _cleanup_r
 .text.std.isra.0
                0x0000000000006078       0x48 /Applications/KDS_v3.app/Contents/toolchain/bin/../lib/gcc/arm-none-eabi/4.8.4/../../../../arm-none-eabi/lib/armv6-m/libg_s.a(lib_a-findfp.o)
 .text.__sfmoreglue
                0x00000000000060c0       0x2c /Applications/KDS_v3.app/Contents/toolchain/bin/../lib/gcc/arm-none-eabi/4.8.4/../../../../arm-none-eabi/lib/armv6-m/libg_s.a(lib_a-findfp.o)
                0x00000000000060c0                __sfmoreglue
 .text.__sinit  0x00000000000060ec       0x64 /Applications/KDS_v3.app/Contents/toolchain/bin/../lib/gcc/arm-none-eabi/4.8.4/../../../../arm-none-eabi/lib/armv6-m/libg_s.a(lib_a-findfp.o)
                0x00000000000060ec                __sinit
 .text.__sfp    0x0000000000006150       0x7c /Applications/KDS_v3.app/Contents/toolchain/bin/../lib/gcc/arm-none-eabi/4.8.4/../../../../arm-none-eabi/lib/armv6-m/libg_s.a(lib_a-findfp.o)
                0x0000000000006150                __sfp
 .text.__smakebuf_r
                0x00000000000061cc       0xa0 /Applications/KDS_v3.app/Contents/toolchain/bin/../lib/gcc/arm-none-eabi/4.8.4/../../../../arm-none-eabi/lib/armv6-m/libg_s.a(lib_a-makebuf.o)
                0x00000000000061cc                __smakebuf_r
 .text.memchr   0x000000000000626c       0x16 /Applications/KDS_v3.app/Contents/toolchain/bin/../lib/gcc/arm-none-eabi/4.8.4/../../../../arm-none-eabi/lib/armv6-m/libg_s.a(lib_a-memchr-stub.o)
                0x000000000000626c                memchr
 .text._raise_r
                0x0000000000006282       0x56 /Applications/KDS_v3.app/Contents/toolchain/bin/../lib/gcc/arm-none-eabi/4.8.4/../../../../arm-none-eabi/lib/armv6-m/libg_s.a(lib_a-signal.o)
                0x0000000000006282                _raise_r
 .text.raise    0x00000000000062d8       0x14 /Applications/KDS_v3.app/Contents/toolchain/bin/../lib/gcc/arm-none-eabi/4.8.4/../../../../arm-none-eabi/lib/armv6-m/libg_s.a(lib_a-signal.o)
                0x00000000000062d8                raise
 .text._kill_r  0x00000000000062ec       0x24 /Applications/KDS_v3.app/Contents/toolchain/bin/../lib/gcc/arm-none-eabi/4.8.4/../../../../arm-none-eabi/lib/armv6-m/libg_s.a(lib_a-signalr.o)
                0x00000000000062ec                _kill_r
 .text._getpid_r
                0x0000000000006310        0x8 /Applications/KDS_v3.app/Contents/toolchain/bin/../lib/gcc/arm-none-eabi/4.8.4/../../../../arm-none-eabi/lib/armv6-m/libg_s.a(lib_a-signalr.o)
                0x0000000000006310                _getpid_r
 .text.__sread  0x0000000000006318       0x28 /Applications/KDS_v3.app/Contents/toolchain/bin/../lib/gcc/arm-none-eabi/4.8.4/../../../../arm-none-eabi/lib/armv6-m/libg_s.a(lib_a-stdio.o)
                0x0000000000006318                __sread
 .text.__swrite
                0x0000000000006340       0x38 /Applications/KDS_v3.app/Contents/toolchain/bin/../lib/gcc/arm-none-eabi/4.8.4/../../../../arm-none-eabi/lib/armv6-m/libg_s.a(lib_a-stdio.o)
                0x0000000000006340                __swrite
 .text.__sseek  0x0000000000006378       0x2c /Applications/KDS_v3.app/Contents/toolchain/bin/../lib/gcc/arm-none-eabi/4.8.4/../../../../arm-none-eabi/lib/armv6-m/libg_s.a(lib_a-stdio.o)
                0x0000000000006378                __sseek
 .text.__sclose
                0x00000000000063a4        0xc /Applications/KDS_v3.app/Contents/toolchain/bin/../lib/gcc/arm-none-eabi/4.8.4/../../../../arm-none-eabi/lib/armv6-m/libg_s.a(lib_a-stdio.o)
                0x00000000000063a4                __sclose
 .text._write_r
                0x00000000000063b0       0x28 /Applications/KDS_v3.app/Contents/toolchain/bin/../lib/gcc/arm-none-eabi/4.8.4/../../../../arm-none-eabi/lib/armv6-m/libg_s.a(lib_a-writer.o)
                0x00000000000063b0                _write_r
 .text._close_r
                0x00000000000063d8       0x24 /Applications/KDS_v3.app/Contents/toolchain/bin/../lib/gcc/arm-none-eabi/4.8.4/../../../../arm-none-eabi/lib/armv6-m/libg_s.a(lib_a-closer.o)
                0x00000000000063d8                _close_r
 .text._fstat_r
                0x00000000000063fc       0x24 /Applications/KDS_v3.app/Contents/toolchain/bin/../lib/gcc/arm-none-eabi/4.8.4/../../../../arm-none-eabi/lib/armv6-m/libg_s.a(lib_a-fstatr.o)
                0x00000000000063fc                _fstat_r
 .text._isatty_r
                0x0000000000006420       0x24 /Applications/KDS_v3.app/Contents/toolchain/bin/../lib/gcc/arm-none-eabi/4.8.4/../../../../arm-none-eabi/lib/armv6-m/libg_s.a(lib_a-isattyr.o)
                0x0000000000006420                _isatty_r
 .text._lseek_r
                0x0000000000006444       0x28 /Applications/KDS_v3.app/Contents/toolchain/bin/../lib/gcc/arm-none-eabi/4.8.4/../../../../arm-none-eabi/lib/armv6-m/libg_s.a(lib_a-lseekr.o)
                0x0000000000006444                _lseek_r
 .text._read_r  0x000000000000646c       0x28 /Applications/KDS_v3.app/Contents/toolchain/bin/../lib/gcc/arm-none-eabi/4.8.4/../../../../arm-none-eabi/lib/armv6-m/libg_s.a(lib_a-readr.o)
                0x000000000000646c                _read_r
 .text._close   0x0000000000006494       0x10 /Applications/KDS_v3.app/Contents/toolchain/bin/../lib/gcc/arm-none-eabi/4.8.4/../../../../arm-none-eabi/lib/armv6-m/libnosys.a(close.o)
                0x0000000000006494                _close
 .text._fstat   0x00000000000064a4       0x10 /Applications/KDS_v3.app/Contents/toolchain/bin/../lib/gcc/arm-none-eabi/4.8.4/../../../../arm-none-eabi/lib/armv6-m/libnosys.a(fstat.o)
                0x00000000000064a4                _fstat
 .text._getpid  0x00000000000064b4       0x10 /Applications/KDS_v3.app/Contents/toolchain/bin/../lib/gcc/arm-none-eabi/4.8.4/../../../../arm-none-eabi/lib/armv6-m/libnosys.a(getpid.o)
                0x00000000000064b4                _getpid
 .text._isatty  0x00000000000064c4       0x10 /Applications/KDS_v3.app/Contents/toolchain/bin/../lib/gcc/arm-none-eabi/4.8.4/../../../../arm-none-eabi/lib/armv6-m/libnosys.a(isatty.o)
                0x00000000000064c4                _isatty
 .text._kill    0x00000000000064d4       0x10 /Applications/KDS_v3.app/Contents/toolchain/bin/../lib/gcc/arm-none-eabi/4.8.4/../../../../arm-none-eabi/lib/armv6-m/libnosys.a(kill.o)
                0x00000000000064d4                _kill
 .text._lseek   0x00000000000064e4       0x10 /Applications/KDS_v3.app/Contents/toolchain/bin/../lib/gcc/arm-none-eabi/4.8.4/../../../../arm-none-eabi/lib/armv6-m/libnosys.a(lseek.o)
                0x00000000000064e4                _lseek
 .text._exit    0x00000000000064f4        0x4 /Applications/KDS_v3.app/Contents/toolchain/bin/../lib/gcc/arm-none-eabi/4.8.4/../../../../arm-none-eabi/lib/armv6-m/libnosys.a(_exit.o)
                0x00000000000064f4                _exit
 *(.rodata)
 .rodata        0x00000000000064f8        0xc ./utilities/fsl_debug_console.o
 .rodata        0x0000000000006504       0x68 ./source/main.o
 .rodata        0x000000000000656c       0x38 ./portsource/dma_driver.o
 .rodata        0x00000000000065a4       0x40 ./board/board.o
 .rodata        0x00000000000065e4       0x40 ./board/pin_mux.o
 .rodata        0x0000000000006624      0x10c /Users/kiyasul/workspace.kds/Freescale/KSDK_1.3.0/examples/frdmkl25z/demo_apps/hello_world/kds/../../../../../lib/ksdk_platform_lib/kds/KL25Z4/debug/libksdk_platform.a(fsl_lptmr_driver.o)
 .rodata        0x0000000000006730       0xf0 /Users/kiyasul/workspace.kds/Freescale/KSDK_1.3.0/examples/frdmkl25z/demo_apps/hello_world/kds/../../../../../lib/ksdk_platform_lib/kds/KL25Z4/debug/libksdk_platform.a(fsl_gpio_driver.o)
 .rodata        0x0000000000006820      0x20c /Users/kiyasul/workspace.kds/Freescale/KSDK_1.3.0/examples/frdmkl25z/demo_apps/hello_world/kds/../../../../../lib/ksdk_platform_lib/kds/KL25Z4/debug/libksdk_platform.a(fsl_clock_MKL25Z4.o)
 .rodata        0x0000000000006a2c       0xb4 /Users/kiyasul/workspace.kds/Freescale/KSDK_1.3.0/examples/frdmkl25z/demo_apps/hello_world/kds/../../../../../lib/ksdk_platform_lib/kds/KL25Z4/debug/libksdk_platform.a(fsl_clock_manager.o)
 .rodata        0x0000000000006ae0      0x130 /Users/kiyasul/workspace.kds/Freescale/KSDK_1.3.0/examples/frdmkl25z/demo_apps/hello_world/kds/../../../../../lib/ksdk_platform_lib/kds/KL25Z4/debug/libksdk_platform.a(fsl_adc16_driver.o)
 .rodata        0x0000000000006c10       0x30 /Users/kiyasul/workspace.kds/Freescale/KSDK_1.3.0/examples/frdmkl25z/demo_apps/hello_world/kds/../../../../../lib/ksdk_platform_lib/kds/KL25Z4/debug/libksdk_platform.a(fsl_gpio_hal.o)
 .rodata        0x0000000000006c40       0x60 /Users/kiyasul/workspace.kds/Freescale/KSDK_1.3.0/examples/frdmkl25z/demo_apps/hello_world/kds/../../../../../lib/ksdk_platform_lib/kds/KL25Z4/debug/libksdk_platform.a(fsl_adc16_hal.o)
 .rodata        0x0000000000006ca0       0x40 /Applications/KDS_v3.app/Contents/toolchain/bin/../lib/gcc/arm-none-eabi/4.8.4/armv6-m/libgcc.a(mulsf3.o)
 .rodata        0x0000000000006ce0       0x40 /Applications/KDS_v3.app/Contents/toolchain/bin/../lib/gcc/arm-none-eabi/4.8.4/armv6-m/libgcc.a(divdf3.o)
 .rodata        0x0000000000006d20       0x40 /Applications/KDS_v3.app/Contents/toolchain/bin/../lib/gcc/arm-none-eabi/4.8.4/armv6-m/libgcc.a(muldf3.o)
 *(.rodata*)
 .rodata._doprint
                0x0000000000006d60       0xc8 ./utilities/print_scan.o
 .rodata.logarithmicLookup
                0x0000000000006e28       0x40 ./source/main.o
                0x0000000000006e28                logarithmicLookup
 .rodata.g_defaultClockConfigRun
                0x0000000000006e68       0x14 ./board/board.o
                0x0000000000006e68                g_defaultClockConfigRun
 .rodata.__func__.4999
                0x0000000000006e7c       0x14 ./board/board.o
 .rodata.__func__.4979
                0x0000000000006e90       0x14 ./board/pin_mux.o
 .rodata.__func__.6579
                0x0000000000006ea4       0x18 /Users/kiyasul/workspace.kds/Freescale/KSDK_1.3.0/examples/frdmkl25z/demo_apps/hello_world/kds/../../../../../lib/ksdk_platform_lib/kds/KL25Z4/debug/libksdk_platform.a(fsl_lptmr_driver.o)
 .rodata.__func__.4979
                0x0000000000006ebc       0x14 /Users/kiyasul/workspace.kds/Freescale/KSDK_1.3.0/examples/frdmkl25z/demo_apps/hello_world/kds/../../../../../lib/ksdk_platform_lib/kds/KL25Z4/debug/libksdk_platform.a(fsl_gpio_driver.o)
 .rodata.__func__.4961
                0x0000000000006ed0       0x1c /Users/kiyasul/workspace.kds/Freescale/KSDK_1.3.0/examples/frdmkl25z/demo_apps/hello_world/kds/../../../../../lib/ksdk_platform_lib/kds/KL25Z4/debug/libksdk_platform.a(fsl_gpio_driver.o)
 .rodata.__func__.4973
                0x0000000000006eec       0x20 /Users/kiyasul/workspace.kds/Freescale/KSDK_1.3.0/examples/frdmkl25z/demo_apps/hello_world/kds/../../../../../lib/ksdk_platform_lib/kds/KL25Z4/debug/libksdk_platform.a(fsl_gpio_driver.o)
 .rodata.__func__.5067
                0x0000000000006f0c       0x1c /Users/kiyasul/workspace.kds/Freescale/KSDK_1.3.0/examples/frdmkl25z/demo_apps/hello_world/kds/../../../../../lib/ksdk_platform_lib/kds/KL25Z4/debug/libksdk_platform.a(fsl_gpio_driver.o)
 .rodata.portGateTable
                0x0000000000006f28        0x8 /Users/kiyasul/workspace.kds/Freescale/KSDK_1.3.0/examples/frdmkl25z/demo_apps/hello_world/kds/../../../../../lib/ksdk_platform_lib/kds/KL25Z4/debug/libksdk_platform.a(fsl_clock_MKL25Z4.o)
 .rodata.uartGateTable
                0x0000000000006f30        0x4 /Users/kiyasul/workspace.kds/Freescale/KSDK_1.3.0/examples/frdmkl25z/demo_apps/hello_world/kds/../../../../../lib/ksdk_platform_lib/kds/KL25Z4/debug/libksdk_platform.a(fsl_clock_MKL25Z4.o)
 .rodata.__func__.6457
                0x0000000000006f34       0x1c /Users/kiyasul/workspace.kds/Freescale/KSDK_1.3.0/examples/frdmkl25z/demo_apps/hello_world/kds/../../../../../lib/ksdk_platform_lib/kds/KL25Z4/debug/libksdk_platform.a(fsl_clock_MKL25Z4.o)
 .rodata.__func__.6470
                0x0000000000006f50       0x1c /Users/kiyasul/workspace.kds/Freescale/KSDK_1.3.0/examples/frdmkl25z/demo_apps/hello_world/kds/../../../../../lib/ksdk_platform_lib/kds/KL25Z4/debug/libksdk_platform.a(fsl_clock_MKL25Z4.o)
 .rodata.__func__.6530
                0x0000000000006f6c       0x1c /Users/kiyasul/workspace.kds/Freescale/KSDK_1.3.0/examples/frdmkl25z/demo_apps/hello_world/kds/../../../../../lib/ksdk_platform_lib/kds/KL25Z4/debug/libksdk_platform.a(fsl_clock_MKL25Z4.o)
 .rodata.__func__.6535
                0x0000000000006f88       0x1c /Users/kiyasul/workspace.kds/Freescale/KSDK_1.3.0/examples/frdmkl25z/demo_apps/hello_world/kds/../../../../../lib/ksdk_platform_lib/kds/KL25Z4/debug/libksdk_platform.a(fsl_clock_MKL25Z4.o)
 .rodata.__func__.6615
                0x0000000000006fa4       0x14 /Users/kiyasul/workspace.kds/Freescale/KSDK_1.3.0/examples/frdmkl25z/demo_apps/hello_world/kds/../../../../../lib/ksdk_platform_lib/kds/KL25Z4/debug/libksdk_platform.a(fsl_clock_manager.o)
 .rodata.g_oscBase
                0x0000000000006fb8        0x4 /Users/kiyasul/workspace.kds/Freescale/KSDK_1.3.0/examples/frdmkl25z/demo_apps/hello_world/kds/../../../../../lib/ksdk_platform_lib/kds/KL25Z4/debug/libksdk_platform.a(fsl_clock_manager_common.o)
                0x0000000000006fb8                g_oscBase
 .rodata.__func__.6468
                0x0000000000006fbc       0x10 /Users/kiyasul/workspace.kds/Freescale/KSDK_1.3.0/examples/frdmkl25z/demo_apps/hello_world/kds/../../../../../lib/ksdk_platform_lib/kds/KL25Z4/debug/libksdk_platform.a(fsl_adc16_driver.o)
 .rodata.__func__.6436
                0x0000000000006fcc       0x14 /Users/kiyasul/workspace.kds/Freescale/KSDK_1.3.0/examples/frdmkl25z/demo_apps/hello_world/kds/../../../../../lib/ksdk_platform_lib/kds/KL25Z4/debug/libksdk_platform.a(fsl_adc16_driver.o)
 .rodata.__func__.6485
                0x0000000000006fe0       0x1c /Users/kiyasul/workspace.kds/Freescale/KSDK_1.3.0/examples/frdmkl25z/demo_apps/hello_world/kds/../../../../../lib/ksdk_platform_lib/kds/KL25Z4/debug/libksdk_platform.a(fsl_adc16_driver.o)
 .rodata.__func__.6498
                0x0000000000006ffc       0x18 /Users/kiyasul/workspace.kds/Freescale/KSDK_1.3.0/examples/frdmkl25z/demo_apps/hello_world/kds/../../../../../lib/ksdk_platform_lib/kds/KL25Z4/debug/libksdk_platform.a(fsl_adc16_driver.o)
 .rodata.fllFactorTable.5210
                0x0000000000007014       0x10 /Users/kiyasul/workspace.kds/Freescale/KSDK_1.3.0/examples/frdmkl25z/demo_apps/hello_world/kds/../../../../../lib/ksdk_platform_lib/kds/KL25Z4/debug/libksdk_platform.a(fsl_mcg_hal.o)
 .rodata.g_lptmrBase
                0x0000000000007024        0x4 /Users/kiyasul/workspace.kds/Freescale/KSDK_1.3.0/examples/frdmkl25z/demo_apps/hello_world/kds/../../../../../lib/ksdk_platform_lib/kds/KL25Z4/debug/libksdk_platform.a(fsl_lptmr_common.o)
                0x0000000000007024                g_lptmrBase
 .rodata.__func__.5060
                0x0000000000007028       0x14 /Users/kiyasul/workspace.kds/Freescale/KSDK_1.3.0/examples/frdmkl25z/demo_apps/hello_world/kds/../../../../../lib/ksdk_platform_lib/kds/KL25Z4/debug/libksdk_platform.a(fsl_gpio_hal.o)
 .rodata.__func__.5066
                0x000000000000703c       0x18 /Users/kiyasul/workspace.kds/Freescale/KSDK_1.3.0/examples/frdmkl25z/demo_apps/hello_world/kds/../../../../../lib/ksdk_platform_lib/kds/KL25Z4/debug/libksdk_platform.a(fsl_gpio_hal.o)
 .rodata.g_gpioBase
                0x0000000000007054       0x14 /Users/kiyasul/workspace.kds/Freescale/KSDK_1.3.0/examples/frdmkl25z/demo_apps/hello_world/kds/../../../../../lib/ksdk_platform_lib/kds/KL25Z4/debug/libksdk_platform.a(fsl_gpio_common.o)
                0x0000000000007054                g_gpioBase
 .rodata.g_portBase
                0x0000000000007068       0x14 /Users/kiyasul/workspace.kds/Freescale/KSDK_1.3.0/examples/frdmkl25z/demo_apps/hello_world/kds/../../../../../lib/ksdk_platform_lib/kds/KL25Z4/debug/libksdk_platform.a(fsl_gpio_common.o)
                0x0000000000007068                g_portBase
 .rodata.__func__.5122
                0x000000000000707c       0x14 /Users/kiyasul/workspace.kds/Freescale/KSDK_1.3.0/examples/frdmkl25z/demo_apps/hello_world/kds/../../../../../lib/ksdk_platform_lib/kds/KL25Z4/debug/libksdk_platform.a(fsl_adc16_hal.o)
 .rodata.g_adcBase
                0x0000000000007090        0x4 /Users/kiyasul/workspace.kds/Freescale/KSDK_1.3.0/examples/frdmkl25z/demo_apps/hello_world/kds/../../../../../lib/ksdk_platform_lib/kds/KL25Z4/debug/libksdk_platform.a(fsl_adc16_common.o)
                0x0000000000007090                g_adcBase
 .rodata.g_adcIrqId
                0x0000000000007094        0x4 /Users/kiyasul/workspace.kds/Freescale/KSDK_1.3.0/examples/frdmkl25z/demo_apps/hello_world/kds/../../../../../lib/ksdk_platform_lib/kds/KL25Z4/debug/libksdk_platform.a(fsl_adc16_common.o)
                0x0000000000007094                g_adcIrqId
 .rodata.str1.1
                0x0000000000007098       0x3c /Applications/KDS_v3.app/Contents/toolchain/bin/../lib/gcc/arm-none-eabi/4.8.4/../../../../arm-none-eabi/lib/armv6-m/libg_s.a(lib_a-assert.o)
                                         0x3d (size before relaxing)
 .rodata.str1.1
                0x00000000000070d4        0x2 /Applications/KDS_v3.app/Contents/toolchain/bin/../lib/gcc/arm-none-eabi/4.8.4/../../../../arm-none-eabi/lib/armv6-m/libg_s.a(lib_a-impure.o)
 *fill*         0x00000000000070d6        0x2 
 .rodata._global_impure_ptr
                0x00000000000070d8        0x4 /Applications/KDS_v3.app/Contents/toolchain/bin/../lib/gcc/arm-none-eabi/4.8.4/../../../../arm-none-eabi/lib/armv6-m/libg_s.a(lib_a-impure.o)
                0x00000000000070d8                _global_impure_ptr
 .rodata.str1.1
                0x00000000000070dc       0x11 /Applications/KDS_v3.app/Contents/toolchain/bin/../lib/gcc/arm-none-eabi/4.8.4/../../../../arm-none-eabi/lib/armv6-m/libg_s.a(lib_a-vfprintf.o)
 .rodata.str1.1
                0x00000000000070ed       0x22 /Applications/KDS_v3.app/Contents/toolchain/bin/../lib/gcc/arm-none-eabi/4.8.4/../../../../arm-none-eabi/lib/armv6-m/libg_s.a(lib_a-vfprintf_i.o)
 *fill*         0x000000000000710f        0x1 
 .rodata.__sf_fake_stdin
                0x0000000000007110       0x20 /Applications/KDS_v3.app/Contents/toolchain/bin/../lib/gcc/arm-none-eabi/4.8.4/../../../../arm-none-eabi/lib/armv6-m/libg_s.a(lib_a-findfp.o)
                0x0000000000007110                __sf_fake_stdin
 .rodata.__sf_fake_stdout
                0x0000000000007130       0x20 /Applications/KDS_v3.app/Contents/toolchain/bin/../lib/gcc/arm-none-eabi/4.8.4/../../../../arm-none-eabi/lib/armv6-m/libg_s.a(lib_a-findfp.o)
                0x0000000000007130                __sf_fake_stdout
 .rodata.__sf_fake_stderr
                0x0000000000007150       0x20 /Applications/KDS_v3.app/Contents/toolchain/bin/../lib/gcc/arm-none-eabi/4.8.4/../../../../arm-none-eabi/lib/armv6-m/libg_s.a(lib_a-findfp.o)
                0x0000000000007150                __sf_fake_stderr
 *(.glue_7)
 .glue_7        0x0000000000000000        0x0 linker stubs
 *(.glue_7t)
 .glue_7t       0x0000000000000000        0x0 linker stubs
 *(.eh_frame)
 .eh_frame      0x0000000000007170        0x0 /Applications/KDS_v3.app/Contents/toolchain/bin/../lib/gcc/arm-none-eabi/4.8.4/armv6-m/crtbegin.o
 *(.init)
 .init          0x0000000000007170        0x4 /Applications/KDS_v3.app/Contents/toolchain/bin/../lib/gcc/arm-none-eabi/4.8.4/armv6-m/crti.o
                0x0000000000007170                _init
 .init          0x0000000000007174        0x8 /Applications/KDS_v3.app/Contents/toolchain/bin/../lib/gcc/arm-none-eabi/4.8.4/armv6-m/crtn.o
 *(.fini)
 .fini          0x000000000000717c        0x4 /Applications/KDS_v3.app/Contents/toolchain/bin/../lib/gcc/arm-none-eabi/4.8.4/armv6-m/crti.o
                0x000000000000717c                _fini
 .fini          0x0000000000007180        0x8 /Applications/KDS_v3.app/Contents/toolchain/bin/../lib/gcc/arm-none-eabi/4.8.4/armv6-m/crtn.o
                0x0000000000007188                . = ALIGN (0x4)

.vfp11_veneer   0x0000000000007188        0x0
 .vfp11_veneer  0x0000000000000000        0x0 linker stubs

.v4_bx          0x0000000000007188        0x0
 .v4_bx         0x0000000000000000        0x0 linker stubs

.iplt           0x0000000000007188        0x0
 .iplt          0x0000000000000000        0x0 /Applications/KDS_v3.app/Contents/toolchain/bin/../lib/gcc/arm-none-eabi/4.8.4/armv6-m/crtbegin.o

.ARM.extab
 *(.ARM.extab* .gnu.linkonce.armextab.*)

.ARM            0x0000000000007188        0x8
                0x0000000000007188                __exidx_start = .
 *(.ARM.exidx*)
 .ARM.exidx     0x0000000000007188        0x8 /Applications/KDS_v3.app/Contents/toolchain/bin/../lib/gcc/arm-none-eabi/4.8.4/../../../../arm-none-eabi/lib/armv6-m/crt0.o
                0x0000000000007190                __exidx_end = .

.rel.dyn        0x0000000000007190        0x0
 .rel.iplt      0x0000000000000000        0x0 /Applications/KDS_v3.app/Contents/toolchain/bin/../lib/gcc/arm-none-eabi/4.8.4/armv6-m/crtbegin.o

.ctors          0x0000000000007190        0x0
                0x0000000000007190                __CTOR_LIST__ = .
 *crtbegin.o(.ctors)
 *crtbegin?.o(.ctors)
 *(EXCLUDE_FILE(*crtend.o *crtend?.o) .ctors)
 *(SORT(.ctors.*))
 *(.ctors)
                0x0000000000007190                __CTOR_END__ = .

.dtors          0x0000000000007190        0x0
                0x0000000000007190                __DTOR_LIST__ = .
 *crtbegin.o(.dtors)
 *crtbegin?.o(.dtors)
 *(EXCLUDE_FILE(*crtend.o *crtend?.o) .dtors)
 *(SORT(.dtors.*))
 *(.dtors)
                0x0000000000007190                __DTOR_END__ = .

.preinit_array  0x0000000000007190        0x0
                0x0000000000007190                PROVIDE (__preinit_array_start, .)
 *(.preinit_array*)
                0x0000000000007190                PROVIDE (__preinit_array_end, .)

.init_array     0x0000000000007190        0x4
                0x0000000000007190                PROVIDE (__init_array_start, .)
 *(SORT(.init_array.*))
 *(.init_array*)
 .init_array    0x0000000000007190        0x4 /Applications/KDS_v3.app/Contents/toolchain/bin/../lib/gcc/arm-none-eabi/4.8.4/armv6-m/crtbegin.o
                0x0000000000007194                PROVIDE (__init_array_end, .)

.fini_array     0x0000000000007194        0x4
                0x0000000000007194                PROVIDE (__fini_array_start, .)
 *(SORT(.fini_array.*))
 *(.fini_array*)
 .fini_array    0x0000000000007194        0x4 /Applications/KDS_v3.app/Contents/toolchain/bin/../lib/gcc/arm-none-eabi/4.8.4/armv6-m/crtbegin.o
                0x0000000000007198                PROVIDE (__fini_array_end, .)
                0x0000000000007198                __etext = .
                0x0000000000007198                __DATA_ROM = .

.mtb            0x000000001ffff000        0x0
                0x000000001ffff000                . = ALIGN (0x8)
                0x000000001ffff000                _mtb_start = .
 *(.mtb_buf)
                0x000000001ffff000                . = ALIGN (0x8)
                0x000000001ffff000                _mtb_end = .

.interrupts_ram
                0x000000001ffff000        0x0
                0x000000001ffff000                . = ALIGN (0x4)
                0x000000001ffff000                __VECTOR_RAM__ = .
                0x000000001ffff000                __interrupts_ram_start__ = .
 *(.m_interrupts_ram)
                0x000000001ffff000                . = (. + M_VECTOR_RAM_SIZE)
                0x000000001ffff000                . = ALIGN (0x4)
                0x000000001ffff000                __interrupts_ram_end__ = .
                0x0000000000000000                __VECTOR_RAM = DEFINED (__ram_vector_table__)?__VECTOR_RAM__:ORIGIN (m_interrupts)
                0x0000000000000000                __RAM_VECTOR_TABLE_SIZE_BYTES = DEFINED (__ram_vector_table__)?(__interrupts_ram_end__ - __interrupts_ram_start__):0x0

.data           0x000000001ffff000       0xa4 load address 0x0000000000007198
                0x000000001ffff000                . = ALIGN (0x4)
                0x000000001ffff000                __DATA_RAM = .
                0x000000001ffff000                __data_start__ = .
 *(.data)
 *(.data*)
 .data.SystemCoreClock
                0x000000001ffff000        0x4 ./startup/system_MKL25Z4.o
                0x000000001ffff000                SystemCoreClock
 .data.ledPins  0x000000001ffff004       0x30 ./board/gpio_pins.o
                0x000000001ffff004                ledPins
 .data.g_fastInternalRefClkFreq
                0x000000001ffff034        0x4 /Users/kiyasul/workspace.kds/Freescale/KSDK_1.3.0/examples/frdmkl25z/demo_apps/hello_world/kds/../../../../../lib/ksdk_platform_lib/kds/KL25Z4/debug/libksdk_platform.a(fsl_mcg_hal.o)
                0x000000001ffff034                g_fastInternalRefClkFreq
 .data.g_slowInternalRefClkFreq
                0x000000001ffff038        0x4 /Users/kiyasul/workspace.kds/Freescale/KSDK_1.3.0/examples/frdmkl25z/demo_apps/hello_world/kds/../../../../../lib/ksdk_platform_lib/kds/KL25Z4/debug/libksdk_platform.a(fsl_mcg_hal.o)
                0x000000001ffff038                g_slowInternalRefClkFreq
 .data.impure_data
                0x000000001ffff03c       0x60 /Applications/KDS_v3.app/Contents/toolchain/bin/../lib/gcc/arm-none-eabi/4.8.4/../../../../arm-none-eabi/lib/armv6-m/libg_s.a(lib_a-impure.o)
 .data._impure_ptr
                0x000000001ffff09c        0x4 /Applications/KDS_v3.app/Contents/toolchain/bin/../lib/gcc/arm-none-eabi/4.8.4/../../../../arm-none-eabi/lib/armv6-m/libg_s.a(lib_a-impure.o)
                0x000000001ffff09c                _impure_ptr
 *(.jcr*)
 .jcr           0x000000001ffff0a0        0x0 /Applications/KDS_v3.app/Contents/toolchain/bin/../lib/gcc/arm-none-eabi/4.8.4/armv6-m/crtbegin.o
 .jcr           0x000000001ffff0a0        0x4 /Applications/KDS_v3.app/Contents/toolchain/bin/../lib/gcc/arm-none-eabi/4.8.4/armv6-m/crtend.o
                0x000000001ffff0a4                . = ALIGN (0x4)
                0x000000001ffff0a4                __data_end__ = .
                0x000000000000723c                __DATA_END = (__DATA_ROM + (__data_end__ - __data_start__))
                0x0000000000020000                text_end = (ORIGIN (m_text) + 0x1fbf0)
                0x0000000000000001                ASSERT ((__DATA_END <= text_end), region m_text overflowed with text and data)

.igot.plt       0x000000001ffff0a4        0x0 load address 0x000000000000723c
 .igot.plt      0x0000000000000000        0x0 /Applications/KDS_v3.app/Contents/toolchain/bin/../lib/gcc/arm-none-eabi/4.8.4/armv6-m/crtbegin.o

.bss            0x000000001ffff0a4      0x86c load address 0x000000000000723c
                0x000000001ffff0a4                . = ALIGN (0x4)
                0x000000001ffff0a4                __START_BSS = .
                0x000000001ffff0a4                __bss_start__ = .
 *(.bss)
 .bss           0x000000001ffff0a4       0x1c /Applications/KDS_v3.app/Contents/toolchain/bin/../lib/gcc/arm-none-eabi/4.8.4/armv6-m/crtbegin.o
 *(.bss*)
 .bss.s_debugConsole
                0x000000001ffff0c0       0x10 ./utilities/fsl_debug_console.o
 .bss.heap_end.5140
                0x000000001ffff0d0        0x4 ./utilities/fsl_misc_utilities.o
 .bss.schedule_event
                0x000000001ffff0d4        0x4 ./source/main.o
                0x000000001ffff0d4                schedule_event
 .bss.absolute_peak
                0x000000001ffff0d8        0x2 ./source/main.o
                0x000000001ffff0d8                absolute_peak
 *fill*         0x000000001ffff0da        0x2 
 .bss.decay     0x000000001ffff0dc        0xc ./source/main.o
                0x000000001ffff0dc                decay
 .bss.array     0x000000001ffff0e8      0x800 ./portsource/uart_driver.o
                0x000000001ffff0e8                array
 .bss.received_char
                0x000000001ffff8e8        0x1 ./portsource/uart_driver.o
                0x000000001ffff8e8                received_char
 *fill*         0x000000001ffff8e9        0x3 
 .bss.rx_buffer
                0x000000001ffff8ec       0x10 ./portsource/uart_driver.o
                0x000000001ffff8ec                rx_buffer
 .bss.g_xtal0ClkFreq
                0x000000001ffff8fc        0x4 /Users/kiyasul/workspace.kds/Freescale/KSDK_1.3.0/examples/frdmkl25z/demo_apps/hello_world/kds/../../../../../lib/ksdk_platform_lib/kds/KL25Z4/debug/libksdk_platform.a(fsl_mcg_hal.o)
                0x000000001ffff8fc                g_xtal0ClkFreq
 .bss.g_lptmrStatePtr
                0x000000001ffff900        0x4 /Users/kiyasul/workspace.kds/Freescale/KSDK_1.3.0/examples/frdmkl25z/demo_apps/hello_world/kds/../../../../../lib/ksdk_platform_lib/kds/KL25Z4/debug/libksdk_platform.a(fsl_lptmr_common.o)
                0x000000001ffff900                g_lptmrStatePtr
 .bss.__malloc_sbrk_start
                0x000000001ffff904        0x4 /Applications/KDS_v3.app/Contents/toolchain/bin/../lib/gcc/arm-none-eabi/4.8.4/../../../../arm-none-eabi/lib/armv6-m/libg_s.a(lib_a-nano-mallocr.o)
                0x000000001ffff904                __malloc_sbrk_start
 .bss.__malloc_free_list
                0x000000001ffff908        0x4 /Applications/KDS_v3.app/Contents/toolchain/bin/../lib/gcc/arm-none-eabi/4.8.4/../../../../arm-none-eabi/lib/armv6-m/libg_s.a(lib_a-nano-mallocr.o)
                0x000000001ffff908                __malloc_free_list
 *(COMMON)
 COMMON         0x000000001ffff90c        0x4 /Applications/KDS_v3.app/Contents/toolchain/bin/../lib/gcc/arm-none-eabi/4.8.4/../../../../arm-none-eabi/lib/armv6-m/libg_s.a(lib_a-reent.o)
                0x000000001ffff90c                errno
                0x000000001ffff910                . = ALIGN (0x4)
                0x000000001ffff910                __bss_end__ = .
                0x000000001ffff910                __END_BSS = .

.heap           0x000000001ffff910      0x200 load address 0x0000000000007aa8
                0x000000001ffff910                . = ALIGN (0x8)
                0x000000001ffff910                __end__ = .
                0x000000001ffff910                PROVIDE (end, .)
                0x000000001ffff910                __HeapBase = .
                0x000000001ffffb10                . = (. + HEAP_SIZE)
 *fill*         0x000000001ffff910      0x200 
                0x000000001ffffb10                __HeapLimit = .

.stack          0x000000001ffffb10      0x400 load address 0x0000000000007ca8
                0x000000001ffffb10                . = ALIGN (0x8)
                0x000000001fffff10                . = (. + STACK_SIZE)
 *fill*         0x000000001ffffb10      0x400 
                0x0000000020003000                __StackTop = (ORIGIN (m_data) + 0x4000)
                0x0000000020002c00                __StackLimit = (__StackTop - STACK_SIZE)
                0x0000000020003000                PROVIDE (__stack, __StackTop)

.ARM.attributes
                0x0000000000000000       0x28
 *(.ARM.attributes)
 .ARM.attributes
                0x0000000000000000       0x1e /Applications/KDS_v3.app/Contents/toolchain/bin/../lib/gcc/arm-none-eabi/4.8.4/armv6-m/crti.o
 .ARM.attributes
                0x000000000000001e       0x2c /Applications/KDS_v3.app/Contents/toolchain/bin/../lib/gcc/arm-none-eabi/4.8.4/armv6-m/crtbegin.o
 .ARM.attributes
                0x000000000000004a       0x1b /Applications/KDS_v3.app/Contents/toolchain/bin/../lib/gcc/arm-none-eabi/4.8.4/../../../../arm-none-eabi/lib/armv6-m/crt0.o
 .ARM.attributes
                0x0000000000000065       0x32 ./utilities/fsl_debug_console.o
 .ARM.attributes
                0x0000000000000097       0x32 ./utilities/fsl_misc_utilities.o
 .ARM.attributes
                0x00000000000000c9       0x32 ./utilities/print_scan.o
 .ARM.attributes
                0x00000000000000fb       0x32 ./startup/startup.o
 .ARM.attributes
                0x000000000000012d       0x1b ./startup/startup_MKL25Z4.o
 .ARM.attributes
                0x0000000000000148       0x32 ./startup/system_MKL25Z4.o
 .ARM.attributes
                0x000000000000017a       0x32 ./source/fsl_lptmr_irq.o
 .ARM.attributes
                0x00000000000001ac       0x32 ./source/main.o
 .ARM.attributes
                0x00000000000001de       0x32 ./portsource/circular_buffer.o
 .ARM.attributes
                0x0000000000000210       0x32 ./portsource/dma_driver.o
 .ARM.attributes
                0x0000000000000242       0x32 ./portsource/uart_driver.o
 .ARM.attributes
                0x0000000000000274       0x32 ./board/board.o
 .ARM.attributes
                0x00000000000002a6       0x32 ./board/gpio_pins.o
 .ARM.attributes
                0x00000000000002d8       0x32 ./board/hardware_init.o
 .ARM.attributes
                0x000000000000030a       0x32 ./board/pin_mux.o
 .ARM.attributes
                0x000000000000033c       0x32 /Users/kiyasul/workspace.kds/Freescale/KSDK_1.3.0/examples/frdmkl25z/demo_apps/hello_world/kds/../../../../../lib/ksdk_platform_lib/kds/KL25Z4/debug/libksdk_platform.a(fsl_uart_hal.o)
 .ARM.attributes
                0x000000000000036e       0x32 /Users/kiyasul/workspace.kds/Freescale/KSDK_1.3.0/examples/frdmkl25z/demo_apps/hello_world/kds/../../../../../lib/ksdk_platform_lib/kds/KL25Z4/debug/libksdk_platform.a(fsl_lptmr_driver.o)
 .ARM.attributes
                0x00000000000003a0       0x32 /Users/kiyasul/workspace.kds/Freescale/KSDK_1.3.0/examples/frdmkl25z/demo_apps/hello_world/kds/../../../../../lib/ksdk_platform_lib/kds/KL25Z4/debug/libksdk_platform.a(fsl_lpsci_hal.o)
 .ARM.attributes
                0x00000000000003d2       0x32 /Users/kiyasul/workspace.kds/Freescale/KSDK_1.3.0/examples/frdmkl25z/demo_apps/hello_world/kds/../../../../../lib/ksdk_platform_lib/kds/KL25Z4/debug/libksdk_platform.a(fsl_gpio_driver.o)
 .ARM.attributes
                0x0000000000000404       0x32 /Users/kiyasul/workspace.kds/Freescale/KSDK_1.3.0/examples/frdmkl25z/demo_apps/hello_world/kds/../../../../../lib/ksdk_platform_lib/kds/KL25Z4/debug/libksdk_platform.a(fsl_clock_MKL25Z4.o)
 .ARM.attributes
                0x0000000000000436       0x32 /Users/kiyasul/workspace.kds/Freescale/KSDK_1.3.0/examples/frdmkl25z/demo_apps/hello_world/kds/../../../../../lib/ksdk_platform_lib/kds/KL25Z4/debug/libksdk_platform.a(fsl_clock_manager.o)
 .ARM.attributes
                0x0000000000000468       0x32 /Users/kiyasul/workspace.kds/Freescale/KSDK_1.3.0/examples/frdmkl25z/demo_apps/hello_world/kds/../../../../../lib/ksdk_platform_lib/kds/KL25Z4/debug/libksdk_platform.a(fsl_clock_manager_common.o)
 .ARM.attributes
                0x000000000000049a       0x32 /Users/kiyasul/workspace.kds/Freescale/KSDK_1.3.0/examples/frdmkl25z/demo_apps/hello_world/kds/../../../../../lib/ksdk_platform_lib/kds/KL25Z4/debug/libksdk_platform.a(fsl_adc16_driver.o)
 .ARM.attributes
                0x00000000000004cc       0x32 /Users/kiyasul/workspace.kds/Freescale/KSDK_1.3.0/examples/frdmkl25z/demo_apps/hello_world/kds/../../../../../lib/ksdk_platform_lib/kds/KL25Z4/debug/libksdk_platform.a(fsl_sim_hal_MKL25Z4.o)
 .ARM.attributes
                0x00000000000004fe       0x32 /Users/kiyasul/workspace.kds/Freescale/KSDK_1.3.0/examples/frdmkl25z/demo_apps/hello_world/kds/../../../../../lib/ksdk_platform_lib/kds/KL25Z4/debug/libksdk_platform.a(fsl_osc_hal.o)
 .ARM.attributes
                0x0000000000000530       0x32 /Users/kiyasul/workspace.kds/Freescale/KSDK_1.3.0/examples/frdmkl25z/demo_apps/hello_world/kds/../../../../../lib/ksdk_platform_lib/kds/KL25Z4/debug/libksdk_platform.a(fsl_mcg_hal.o)
 .ARM.attributes
                0x0000000000000562       0x32 /Users/kiyasul/workspace.kds/Freescale/KSDK_1.3.0/examples/frdmkl25z/demo_apps/hello_world/kds/../../../../../lib/ksdk_platform_lib/kds/KL25Z4/debug/libksdk_platform.a(fsl_mcg_hal_modes.o)
 .ARM.attributes
                0x0000000000000594       0x32 /Users/kiyasul/workspace.kds/Freescale/KSDK_1.3.0/examples/frdmkl25z/demo_apps/hello_world/kds/../../../../../lib/ksdk_platform_lib/kds/KL25Z4/debug/libksdk_platform.a(fsl_lptmr_common.o)
 .ARM.attributes
                0x00000000000005c6       0x32 /Users/kiyasul/workspace.kds/Freescale/KSDK_1.3.0/examples/frdmkl25z/demo_apps/hello_world/kds/../../../../../lib/ksdk_platform_lib/kds/KL25Z4/debug/libksdk_platform.a(fsl_gpio_hal.o)
 .ARM.attributes
                0x00000000000005f8       0x32 /Users/kiyasul/workspace.kds/Freescale/KSDK_1.3.0/examples/frdmkl25z/demo_apps/hello_world/kds/../../../../../lib/ksdk_platform_lib/kds/KL25Z4/debug/libksdk_platform.a(fsl_gpio_common.o)
 .ARM.attributes
                0x000000000000062a       0x32 /Users/kiyasul/workspace.kds/Freescale/KSDK_1.3.0/examples/frdmkl25z/demo_apps/hello_world/kds/../../../../../lib/ksdk_platform_lib/kds/KL25Z4/debug/libksdk_platform.a(fsl_adc16_hal.o)
 .ARM.attributes
                0x000000000000065c       0x32 /Users/kiyasul/workspace.kds/Freescale/KSDK_1.3.0/examples/frdmkl25z/demo_apps/hello_world/kds/../../../../../lib/ksdk_platform_lib/kds/KL25Z4/debug/libksdk_platform.a(fsl_adc16_common.o)
 .ARM.attributes
                0x000000000000068e       0x2c /Applications/KDS_v3.app/Contents/toolchain/bin/../lib/gcc/arm-none-eabi/4.8.4/../../../../arm-none-eabi/lib/armv6-m/libg_s.a(lib_a-abs.o)
 .ARM.attributes
                0x00000000000006ba       0x2c /Applications/KDS_v3.app/Contents/toolchain/bin/../lib/gcc/arm-none-eabi/4.8.4/../../../../arm-none-eabi/lib/armv6-m/libg_s.a(lib_a-assert.o)
 .ARM.attributes
                0x00000000000006e6       0x2c /Applications/KDS_v3.app/Contents/toolchain/bin/../lib/gcc/arm-none-eabi/4.8.4/../../../../arm-none-eabi/lib/armv6-m/libg_s.a(lib_a-errno.o)
 .ARM.attributes
                0x0000000000000712       0x2c /Applications/KDS_v3.app/Contents/toolchain/bin/../lib/gcc/arm-none-eabi/4.8.4/../../../../arm-none-eabi/lib/armv6-m/libg_s.a(lib_a-exit.o)
 .ARM.attributes
                0x000000000000073e       0x2c /Applications/KDS_v3.app/Contents/toolchain/bin/../lib/gcc/arm-none-eabi/4.8.4/../../../../arm-none-eabi/lib/armv6-m/libg_s.a(lib_a-fprintf.o)
 .ARM.attributes
                0x000000000000076a       0x2c /Applications/KDS_v3.app/Contents/toolchain/bin/../lib/gcc/arm-none-eabi/4.8.4/../../../../arm-none-eabi/lib/armv6-m/libg_s.a(lib_a-impure.o)
 .ARM.attributes
                0x0000000000000796       0x2c /Applications/KDS_v3.app/Contents/toolchain/bin/../lib/gcc/arm-none-eabi/4.8.4/../../../../arm-none-eabi/lib/armv6-m/libg_s.a(lib_a-init.o)
 .ARM.attributes
                0x00000000000007c2       0x2c /Applications/KDS_v3.app/Contents/toolchain/bin/../lib/gcc/arm-none-eabi/4.8.4/../../../../arm-none-eabi/lib/armv6-m/libg_s.a(lib_a-memcpy-stub.o)
 .ARM.attributes
                0x00000000000007ee       0x2c /Applications/KDS_v3.app/Contents/toolchain/bin/../lib/gcc/arm-none-eabi/4.8.4/../../../../arm-none-eabi/lib/armv6-m/libg_s.a(lib_a-memset.o)
 .ARM.attributes
                0x000000000000081a       0x2c /Applications/KDS_v3.app/Contents/toolchain/bin/../lib/gcc/arm-none-eabi/4.8.4/../../../../arm-none-eabi/lib/armv6-m/libg_s.a(lib_a-nano-freer.o)
 .ARM.attributes
                0x0000000000000846       0x2c /Applications/KDS_v3.app/Contents/toolchain/bin/../lib/gcc/arm-none-eabi/4.8.4/../../../../arm-none-eabi/lib/armv6-m/libg_s.a(lib_a-nano-mallocr.o)
 .ARM.attributes
                0x0000000000000872       0x2c /Applications/KDS_v3.app/Contents/toolchain/bin/../lib/gcc/arm-none-eabi/4.8.4/../../../../arm-none-eabi/lib/armv6-m/libg_s.a(lib_a-sbrkr.o)
 .ARM.attributes
                0x000000000000089e       0x2c /Applications/KDS_v3.app/Contents/toolchain/bin/../lib/gcc/arm-none-eabi/4.8.4/../../../../arm-none-eabi/lib/armv6-m/libg_s.a(lib_a-strlen.o)
 .ARM.attributes
                0x00000000000008ca       0x2c /Applications/KDS_v3.app/Contents/toolchain/bin/../lib/gcc/arm-none-eabi/4.8.4/../../../../arm-none-eabi/lib/armv6-m/libg_s.a(lib_a-vfprintf.o)
 .ARM.attributes
                0x00000000000008f6       0x2c /Applications/KDS_v3.app/Contents/toolchain/bin/../lib/gcc/arm-none-eabi/4.8.4/../../../../arm-none-eabi/lib/armv6-m/libg_s.a(lib_a-vfprintf_i.o)
 .ARM.attributes
                0x0000000000000922       0x2c /Applications/KDS_v3.app/Contents/toolchain/bin/../lib/gcc/arm-none-eabi/4.8.4/../../../../arm-none-eabi/lib/armv6-m/libg_s.a(lib_a-wbuf.o)
 .ARM.attributes
                0x000000000000094e       0x2c /Applications/KDS_v3.app/Contents/toolchain/bin/../lib/gcc/arm-none-eabi/4.8.4/../../../../arm-none-eabi/lib/armv6-m/libg_s.a(lib_a-wsetup.o)
 .ARM.attributes
                0x000000000000097a       0x2c /Applications/KDS_v3.app/Contents/toolchain/bin/../lib/gcc/arm-none-eabi/4.8.4/../../../../arm-none-eabi/lib/armv6-m/libg_s.a(lib_a-abort.o)
 .ARM.attributes
                0x00000000000009a6       0x2c /Applications/KDS_v3.app/Contents/toolchain/bin/../lib/gcc/arm-none-eabi/4.8.4/../../../../arm-none-eabi/lib/armv6-m/libg_s.a(lib_a-fflush.o)
 .ARM.attributes
                0x00000000000009d2       0x2c /Applications/KDS_v3.app/Contents/toolchain/bin/../lib/gcc/arm-none-eabi/4.8.4/../../../../arm-none-eabi/lib/armv6-m/libg_s.a(lib_a-findfp.o)
 .ARM.attributes
                0x00000000000009fe       0x2c /Applications/KDS_v3.app/Contents/toolchain/bin/../lib/gcc/arm-none-eabi/4.8.4/../../../../arm-none-eabi/lib/armv6-m/libg_s.a(lib_a-makebuf.o)
 .ARM.attributes
                0x0000000000000a2a       0x2c /Applications/KDS_v3.app/Contents/toolchain/bin/../lib/gcc/arm-none-eabi/4.8.4/../../../../arm-none-eabi/lib/armv6-m/libg_s.a(lib_a-memchr-stub.o)
 .ARM.attributes
                0x0000000000000a56       0x2c /Applications/KDS_v3.app/Contents/toolchain/bin/../lib/gcc/arm-none-eabi/4.8.4/../../../../arm-none-eabi/lib/armv6-m/libg_s.a(lib_a-reent.o)
 .ARM.attributes
                0x0000000000000a82       0x2c /Applications/KDS_v3.app/Contents/toolchain/bin/../lib/gcc/arm-none-eabi/4.8.4/../../../../arm-none-eabi/lib/armv6-m/libg_s.a(lib_a-signal.o)
 .ARM.attributes
                0x0000000000000aae       0x2c /Applications/KDS_v3.app/Contents/toolchain/bin/../lib/gcc/arm-none-eabi/4.8.4/../../../../arm-none-eabi/lib/armv6-m/libg_s.a(lib_a-signalr.o)
 .ARM.attributes
                0x0000000000000ada       0x2c /Applications/KDS_v3.app/Contents/toolchain/bin/../lib/gcc/arm-none-eabi/4.8.4/../../../../arm-none-eabi/lib/armv6-m/libg_s.a(lib_a-stdio.o)